Apple
BAN THI ĐUA KHEN THƯỞNG TRỰC THUỘC SỞ NỘI VỤ TỈNH KON TUM
CHI NHÁNH 1 - DOANH NGHIỆP TƯ NHÂN THƯƠNG MẠI DỊCH VỤ NGUYỄN THẾ HIỂN
CHI NHÁNH 1 DOANH NGHIỆP TƯ NHÂN DỊCH VỤ GIẢI TRÍ THÀNH ĐẠT TẠI SÓC TRĂNG
CHI NHÁNH 2 - DOANH NGHIỆP TƯ NHÂN THƯƠNG MẠI DỊCH VỤ NGUYỄN THẾ HIỂN
CHI NHÁNH 3 - DOANH NGHIỆP TƯ NHÂN THƯƠNG MẠI DỊCH VỤ NGUYỄN THẾ HIỂN
CHI NHÁNH CÔNG TY CỔ PHẦN HẠNH NGUYỆN TẠI THÀNH PHỐ CẨM PHẢ - QUẢNG NINH
CHI NHÁNH CÔNG TY CỔ PHẦN KÍNH THUẬN THÀNH TẠI HÀ NỘI
CHI NHÁNH CÔNG TY CỔ PHẦN THƯƠNG MẠI DỊCH VỤ DƯƠNG
CHI NHÁNH CÔNG TY TNHH MAY OASIS
CHI NHÁNH CÔNG TY TNHH MỘT THÀNH VIÊN NÔNG SẢN HỒNG THIÊN PHÁT
CHI NHÁNH CÔNG TY TNHH MỘT THÀNH VIÊN THƯƠNG MẠI DỊCH VỤ TRÒ CHƠI ĐIỆN TỬ TRƯỜNG GIANG
CHI NHÁNH CÔNG TY TNHH TRANG HÀ
CHI NHÁNH CÔNG TY TNHH ĐẦU TƯ VÀ DU LỊCH HOA SEN TẠI ĐỨC CƠ
CHI NHÁNH DNTN HƯƠNG GIANG - QUÁN CƠM SINH VIÊN
CHI NHÁNH TẠI BẮC NINH - CÔNG TY TNHH GIÁO DỤC VÀ ĐÀO TẠO QUỐC TẾ ĐẠI TÂY DƯƠNG
CTY CP
CTY CP THƯƠNGMẠI
CTY CP THƯƠNGMẠI VÀ
CTY CP THƯƠNGMẠI VÀ XÂY
CTY CP THƯƠNGMẠI VÀ XÂY DỰNG
CTY CP THƯƠNGMẠI VÀ XÂY DỰNG ĐÔNG
CTY CP THƯƠNGMẠI VÀ XÂY DỰNG ĐÔNG DƯƠNG
CTY CP THƯƠNGMẠI VÀ XÂY DỰNG ĐÔNG DƯƠNG Địa
CTY TNHH KỸ
CTY TNHH KỸ THUẬT
CTY TNHH KỸ THUẬT ĐIỆN
CTY TNHH KỸ THUẬT ĐIỆN NGUYÊN
CTY TNHH KỸ THUẬT ĐIỆN NGUYÊN HÙNG
CTY TNHH KỸ THUẬT ĐIỆN NGUYÊN HÙNG VINH
CTY TNHH KỸ THUẬT ĐIỆN NGUYÊN HÙNG VINH Doanh
CTY TNHH THANH
CTY TNHH THANH NAM
CTY TNHH THANH NAM Địa
CTY TNHH XD KONOIKE- THẦU CHÍNH THVXDMRNMSXVP&LKVP THUỘC DỰ ÁN XÂY MỚI NM IKEUCHI LÔ K1 KCNTLI DAHN
Cty CP
Cty CP Truyền
Cty Dây
Cty Hanel
Cty Hanel Cổ
Cty Hanel Cổ Phần
Cty Hanel Cổ Phần Điện
Cty Hanel Cổ Phần Điện Tử
Cty Hanel Cổ Phần Điện Tử Chuyên
Cty Hanel Cổ Phần Điện Tử Chuyên Dụng
Cty Phúc
Cty Phúc An
Cty Phúc An Thịnh
Cty Sao
Cty Sao Mai Điện Tử
Cty Thạch
Cty Thạch Liên
Cty Thạch Liên Hưng
Cty Tiến
Cty Tiến Phát
Cty Tiến Phát Cổ
Cty Tiến Phát Cổ Phần
Cty Trung
Cty Trung Lâm
Cty Trần
Cty Trần Quang
Cty Tài
Cty Tài Trường
Cty Tài Trường Thành
Cty Việt
Cty Việt Khoa
Cty Việt Nam
Cty Việt Nam Cổ
Cty Việt Nam Cổ Phần
Cty Việt Nam Cổ Phần Phong
Cty Việt Nam Cổ Phần Phong Điện
Cty Việt Trung
Cty Việt Trung Cổ
Cty Việt Trung Cổ Phần
Cty Việt Trung Cổ Phần Vật
Cty Việt Trung Cổ Phần Vật Liệu
Cty Việt Trung Cổ Phần Vật Liệu Chịu
Cty Việt Trung Cổ Phần Vật Liệu Chịu Lửa
Cty Việt Đôn
CÔNG TY CP FAB - 9 VIỆT NAM (NỘP HỘ THUẾ NTNN)
CÔNG TY CP THUỐC THÚ Y HÀ NỘI
CÔNG TY CỔ
CÔNG TY CỔ PHẦN
CÔNG TY CỔ PHẦN AKSGROUPS
CÔNG TY CỔ PHẦN ATEX VIỆT-NGA
CÔNG TY CỔ PHẦN BẤT ĐỘNG SẢN PHÚC HƯNG LAND
CÔNG TY CỔ PHẦN CÔNG NGHIỆP HOÀNG ĐĂNG
CÔNG TY CỔ PHẦN CÔNG NGHỆ HẠT NHỰA SAKAE
CÔNG TY CỔ PHẦN CÔNG NGHỆ VÀ KỸ THUẬT TÂN HOÀNG CƯỜNG
CÔNG TY CỔ PHẦN CƠ KHÍ ĐẠI DŨNG VI
CÔNG TY CỔ PHẦN DINH DƯỠNG PANDA
CÔNG TY CỔ PHẦN DỊCH VỤ THẨM MỸ STANDARD
CÔNG TY CỔ PHẦN GIÁO DỤC VIETINT
CÔNG TY CỔ PHẦN GIẢI PHÁP NÔNG NGHIỆP TIÊN TIẾN ĐỒNG NAI
CÔNG TY CỔ PHẦN HIASHI
CÔNG TY CỔ PHẦN KVI
CÔNG TY CỔ PHẦN KỸ THUẬT VÀ THƯƠNG MẠI ĐOÀN PHÁT
CÔNG TY CỔ PHẦN KỸ THUẬT ĐIỆN CƠ INO
CÔNG TY CỔ PHẦN LÂM PHƯƠNG THỊNH
CÔNG TY CỔ PHẦN MBM TECHNOLOGY VIỆT NAM
CÔNG TY CỔ PHẦN MINH TUẤN AUTO
CÔNG TY CỔ PHẦN MÔI TRƯỜNG THIÊN THÀNH
CÔNG TY CỔ PHẦN NÔNG NGHIỆP ASIA
CÔNG TY CỔ PHẦN PHÁT TRIỂN DU LỊCH HẢI ÂU
CÔNG TY CỔ PHẦN PHÁT TRIỂN THƯƠNG MẠI VÀ DỊCH VỤ GOLD LAND
CÔNG TY CỔ PHẦN PHẦN MỀM MÂY
CÔNG TY CỔ PHẦN QUỐC TẾ HOÀNG LÂM
CÔNG TY CỔ PHẦN SANWA SEIMITSU VIỆT NAM
CÔNG TY CỔ PHẦN SINH LỢI KON TUM
CÔNG TY CỔ PHẦN THANH TRƯỜNG XUÂN
CÔNG TY CỔ PHẦN THIẾT BỊ TÍN QUANG
CÔNG TY CỔ PHẦN THÉP SÀI GÒN
CÔNG TY CỔ PHẦN THƯƠNG MẠI DỊCH VỤ AN MẠNH
CÔNG TY CỔ PHẦN THƯƠNG MẠI TPP TOÀN ĐỨC
CÔNG TY CỔ PHẦN THƯƠNG MẠI VÀ SẢN XUẤT PHÚ GIA ANH
CÔNG TY CỔ PHẦN THƯƠNG MẠI VÀ SẢN XUẤT TỔNG HỢP CHIẾN THẮNG
CÔNG TY CỔ PHẦN THỰC PHẨM HỮU CƠ XANH
CÔNG TY CỔ PHẦN TRUYỀN
CÔNG TY CỔ PHẦN TRUYỀN THÔNG
CÔNG TY CỔ PHẦN TRUYỀN THÔNG HỘI TỤ TOÀN CẦU
CÔNG TY CỔ PHẦN TRUYỀN THÔNG TNV
CÔNG TY CỔ PHẦN TRUYỀN THÔNG TNV VIỆT
CÔNG TY CỔ PHẦN TRUYỀN THÔNG TNV VIỆT NAM
CÔNG TY CỔ PHẦN TRUYỀN THÔNG TNV VIỆT NAM Số
CÔNG TY CỔ PHẦN TƯ VẤN THIẾT KẾ VÀ ĐẦU TƯ XÂY DỰNG PHÁT TRIỂN H.T.A VIỆT NAM
CÔNG TY CỔ PHẦN TƯ VẤN ĐẦU TƯ VŨ HOÀNG
CÔNG TY CỔ PHẦN VICOAL
CÔNG TY CỔ PHẦN VIE-FOMED
CÔNG TY CỔ PHẦN VINAFIT
CÔNG TY CỔ PHẦN VIỄN DƯƠNG NGHỆ AN
CÔNG TY CỔ PHẦN VẬT TƯ MỎ ĐỊA CHẤT - VIMICO
CÔNG TY CỔ PHẦN XUẤT NHẬP KHẨU TỊNH NGHI
CÔNG TY CỔ PHẦN XÂY DỰNG 182
CÔNG TY CỔ PHẦN XÂY DỰNG FS
CÔNG TY CỔ PHẦN XÂY DỰNG NAM SANH
CÔNG TY CỔ PHẦN XÂY DỰNG VÀ THƯƠNG MẠI FINCO VIỆT NAM
CÔNG TY CỔ PHẦN XÂY LẮP THƯƠNG MẠI TNC VIỆT NAM
CÔNG TY CỔ PHẦN ĐÀO TẠO QUỐC TẾ FUNLAND VIỆT NAM
CÔNG TY CỔ PHẦN ĐẦU TƯ NÔNG NGHIỆP VĨNH ĐIỀN
CÔNG TY CỔ PHẦN ĐẦU TƯ PHÁT TRIỂN DỊCH VỤ HÒA HƯNG
CÔNG TY CỔ PHẦN ĐẦU TƯ PHÁT TRIỂN XÂY DỰNG 119
CÔNG TY CỔ PHẦN ĐẦU TƯ THƯƠNG MẠI & VẬN TẢI 559
CÔNG TY CỔ PHẦN ĐẦU TƯ THƯƠNG MẠI VÀ PHÁT TRIỂN DỊCH VỤ THẾ GIỚI MỞ
CÔNG TY CỔ PHẦN ĐẦU TƯ TỔNG HỢP QUỐC ĐẠT
CÔNG TY CỔ PHẦN ĐẦU TƯ VÀ PHÁT TRIỂN THÁC BÀ
CÔNG TY CỔ PHẦN ĐẦU TƯ VÀ PHÁT TRIỂN XÂY DỰNG MẠNH QUÂN
CÔNG TY CỔ PHẦN ĐẦU TƯ VÀ THƯƠNG MẠI KHÁNH NHẬT
CÔNG TY CỔ PHẦN ĐẦU TƯ XÂY DỰNG T&B
CÔNG TY CỔ PHẦN ĐẦU TƯ XÂY DỰNG VÀ THƯƠNG MẠI 007 VIỆT NAM
CÔNG TY CỔ PHẦN ĐẦU TƯ XÂY DỰNG VÀ TRANG TRÍ NỘI THẤT TÙNG DƯƠNG
CÔNG TY HỮU HẠN KỸ THUẬT CÔNG TRÌNH LUYỆN COKE VÀ CHỊU NHIỆT MCC (ĐẠI LIÊN)-ACRE
CÔNG TY NPT
CÔNG TY NPT Địa
CÔNG TY SÔCÔLA
CÔNG TY SÔCÔLA BỈ
CÔNG TY SÔCÔLA BỈ Địa
CÔNG TY TAISEI NHẬT BẢN
CÔNG TY THƯƠNG
CÔNG TY THƯƠNG MẠI
CÔNG TY THƯƠNG MẠI KIM
CÔNG TY THƯƠNG MẠI KIM HOA
CÔNG TY THƯƠNG MẠI KIM HOA Địa
CÔNG TY TNHH
CÔNG TY TNHH AN PHƯỚC NGUYỄN
CÔNG TY TNHH ANBOPHARM
CÔNG TY TNHH ASEAN RESOURCE
CÔNG TY TNHH BAO BÌ THU THẢO
CÔNG TY TNHH BELIEVE ZONE (NỘP THAY)
CÔNG TY TNHH BẢO MINH MOBILE
CÔNG TY TNHH BẤT ĐỘNG SẢN BẢO PHÚC
CÔNG TY TNHH BẤT ĐỘNG SẢN GIA ĐỨC
CÔNG TY TNHH BẤT ĐỘNG SẢN QUANG HẬU
CÔNG TY TNHH CHARM REGENT (VIỆT NAM)
CÔNG TY TNHH CHIMNEYS AND REFRACTORIES INTERNATIONAL VIỆT NAM
CÔNG TY TNHH CHĂM SÓC SỨC KHỎE TVS
CÔNG TY TNHH CHẾ BIẾN GỖ XUẤT NHẬP KHẨU PHÚ THỊNH
CÔNG TY TNHH CHẾ TẠO MÁY THANH HẢI
CÔNG TY TNHH CÀ PHÊ LYON
CÔNG TY TNHH CÁT VIỆT PT
CÔNG TY TNHH CÔNG NGHIỆP VÀ THƯƠNG MẠI THIÊN BÌNH
CÔNG TY TNHH CÔNG NGHỆ MINORI
CÔNG TY TNHH CÔNG NGHỆ QUẢN LÝ AN TOÀN DỰ ÁN VIỆT NHÂN
CÔNG TY TNHH CÔNG NGHỆ SỐ SIMPLE
CÔNG TY TNHH CÔNG NGHỆ VS
CÔNG TY TNHH CÔNG TRÌNH KỸ THUẬT ĐIỀU HÒA KHÔNG KHÍ ĐẠI THUẬN
CÔNG TY TNHH CƠ KHÍ CÔNG TRÌNH ĐỨC PHÁT
CÔNG TY TNHH CƠ KHÍ TRƯỜNG KHOA KTT
CÔNG TY TNHH CƠ KHÍ VÀ XÂY DỰNG TRUNG THÀNH
CÔNG TY TNHH CƠ KHÍ ĐÚC THẢO HIỀN
CÔNG TY TNHH CƠ ĐIỆN ĐỨC TOÀN
CÔNG TY TNHH CẢNH QUAN BABYLON
CÔNG TY TNHH CẮT TÓC GỘI ĐẦU HOÀNG YẾN
CÔNG TY TNHH DỆT MAY VIỆT THỊNH
CÔNG TY TNHH DỊCH VỤ PHÁT TRIỂN MẶT BẰNG BÁN LẺ VIỆT NAM
CÔNG TY TNHH DỊCH VỤ QUẢNG CÁO LED THANH HÙNG
CÔNG TY TNHH DỊCH VỤ SỬA CHỮA THÀNH LƯƠNG
CÔNG TY TNHH DỊCH VỤ THƯƠNG MẠI ĐẦU TƯ TÀI CHÍNH HƯNG THỊNH
CÔNG TY TNHH DỊCH VỤ TƯ VẤN ĐẦU TƯ XÂY DỰNG MINH TUẤN
CÔNG TY TNHH DỊCH VỤ VÀ PHÁT TRIỂN THƯƠNG MẠI TÂN HOÀNG GIA
CÔNG TY TNHH DỊCH VỤ VÀ THƯƠNG MẠI GỖ THẢO NGUYÊN
CÔNG TY TNHH DỊCH VỤ VÀ THƯƠNG MẠI KHÁNH LY
CÔNG TY TNHH DỊCH VỤ VÀ ĐÀO TẠO THU ANH
CÔNG TY TNHH DỊCH VỤ VẬN TẢI CHÍ LINH
CÔNG TY TNHH DỊCH VỤ VẬN TẢI MINH HẰNG
CÔNG TY TNHH DỊCH VỤ VẬN TẢI VÀ THƯƠNG MẠI HOÀNG PHÁT
CÔNG TY TNHH DỊCH VỤ XUẤT NHẬP KHẨU HẢI ĐĂNG
CÔNG TY TNHH DỊCH VỤ ĐỒNG THUẬN PHÁT
CÔNG TY TNHH ELDA VIỆT NAM
CÔNG TY TNHH EPP VIỆT NAM
CÔNG TY TNHH FNBCHANIN
CÔNG TY TNHH GALLERY
CÔNG TY TNHH GIẢI PHÁP ENTERPRISENAO
CÔNG TY TNHH GIẢI PHÁP SỐ TRƯỜNG GIANG
CÔNG TY TNHH GIẢI TRÍ TIẾNG DƯƠNG CẦM
CÔNG TY TNHH GREEN HEARTS VIỆT NAM
CÔNG TY TNHH HATA BẮC GIANG VIỆT NAM
CÔNG TY TNHH HNC VIỆT NAM
CÔNG TY TNHH HOA TRÍ TUỆ
CÔNG TY TNHH HUYỀN THƠ
CÔNG TY TNHH HYUNDAI
CÔNG TY TNHH HYUNDAI BÌNH
CÔNG TY TNHH HYUNDAI BÌNH DƯƠNG
CÔNG TY TNHH HYUNDAI BÌNH DƯƠNG CÔNG
CÔNG TY TNHH HYUNDAI BÌNH DƯƠNG CÔNG TY
CÔNG TY TNHH HYUNDAI BÌNH DƯƠNG CÔNG TY TNHH
CÔNG TY TNHH HYUNDAI BÌNH DƯƠNG CÔNG TY TNHH TIA
CÔNG TY TNHH HYUNDAI BÌNH DƯƠNG CÔNG TY TNHH TIA Công
CÔNG TY TNHH HYUNDAI BÌNH DƯƠNG Lượt
CÔNG TY TNHH HYUNDAI BÌNH DƯƠNG Điện
CÔNG TY TNHH HÀ NINH GIA
CÔNG TY TNHH HÀN VIỆT FRESH FOOD
CÔNG TY TNHH HÓA NÔNG HƯNG TRƯỜNG PHÁT
CÔNG TY TNHH HƯNG ANH GIA VIỄN
CÔNG TY TNHH HẢI SẢN MỸ ĐẠO
CÔNG TY TNHH HỘI MINH
CÔNG TY TNHH HỢP THÀNH VŨ QUANG
CÔNG TY TNHH IN UV VIỆT TIẾN
CÔNG TY TNHH IN VÀ DỊCH VỤ THƯƠNG MẠI HÀ PHƯƠNG
CÔNG TY TNHH JIA YU INTERNATIONAL INDUSTRIAL (VN)
CÔNG TY TNHH KHÁCH SẠN ĐẠI HOÀNG
CÔNG TY TNHH KHÔI THÀNH PHÁT
CÔNG TY TNHH KIM MINH ĐẠI
CÔNG TY TNHH KINH DOANH THƯƠNG MẠI VÀ XUẤT NHẬP KHẨU PHÚ HƯNG
CÔNG TY TNHH KIẾN TRÚC XÂY DỰNG VÀ NỘI THẤT GREENHOUSE
CÔNG TY TNHH KYOWA KAKO VIỆT NAM ( NỘP HỘ THUẾ NHÀ THẦU)
CÔNG TY TNHH KỸ NGHỆ VÀ THƯƠNG MẠI VINH QUANG
CÔNG TY TNHH KỸ THUẬT CÔNG NGHỆ HOA ANH ĐÀO
CÔNG TY TNHH KỸ THUẬT SƠN KHOA
CÔNG TY TNHH KỸ THUẬT VÀ DỊCH VỤ HUYỀN THANH
CÔNG TY TNHH KỸ THUẬT VÀ THƯƠNG MẠI ĐỊNH AN GIA
CÔNG TY TNHH LDLS
CÔNG TY TNHH LEADERS
CÔNG TY TNHH LIAN CHANG
CÔNG TY TNHH LIKAN - VINA
CÔNG TY TNHH LONG SƠN TÂY NINH
CÔNG TY TNHH LONG ĐỈNH THIÊN
CÔNG TY TNHH LÂM SẢN HTH
CÔNG TY TNHH LÂM SẢN LÊ GIA
CÔNG TY TNHH M-STAR
CÔNG TY TNHH MAI ANH UK
CÔNG TY TNHH MAY HOÀNG THẢO
CÔNG TY TNHH MIRAILAB VIỆT NAM
CÔNG TY TNHH MQ&K
CÔNG TY TNHH MTV DỊCH VỤ VÀ THƯƠNG MẠI THỊNH PHÚ LONG
CÔNG TY TNHH MTV HÒA LỘC VĨNH LONG
CÔNG TY TNHH MTV MAI NGHI
CÔNG TY TNHH MTV PHÚ NGUYỄN
CÔNG TY TNHH MTV SẢN XUẤT THƯƠNG MẠI HUY LỘC
CÔNG TY TNHH MTV THÀNH CÔNG VĨNH LONG
CÔNG TY TNHH MTV THƯƠNG MẠI VÀ DỊCH VỤ Ô TÔ TRƯỜNG XUÂN
CÔNG TY TNHH MTV TƯ VẤN THIẾT KẾ XÂY DỰNG KIẾN TÂM VIỆT
CÔNG TY TNHH MTV VÀ DV THANH BẢO HÀ
CÔNG TY TNHH MTV XUẤT NHẬP KHẨU ĐẠI MỘC
CÔNG TY TNHH MTV XÂY DỰNG CƯỜNG THUẬN HẢI
CÔNG TY TNHH MỘC HOA ĐƯỜNG
CÔNG TY TNHH MỘT THÀNH VIÊN ANH KHOA VĨNH LONG
CÔNG TY TNHH MỘT THÀNH VIÊN CHO THUÊ NHÀ TRỌ LÊ THỊ HẢI
CÔNG TY TNHH MỘT THÀNH VIÊN CHO THUÊ NHÀ TRỌ LÊ VĂN TRỌNG
CÔNG TY TNHH MỘT THÀNH VIÊN CÔNG NGHỆ THÔNG TIN VĨNH GIA
CÔNG TY TNHH MỘT THÀNH VIÊN CƠ KHÍ AN HÒA LỢI
CÔNG TY TNHH MỘT THÀNH VIÊN DU LỊCH DỊCH VỤ THANH UYÊN
CÔNG TY TNHH MỘT THÀNH VIÊN DỊCH VỤ BẢO VỆ WIKI
CÔNG TY TNHH MỘT THÀNH VIÊN DỊCH VỤ PHÚ QUẢNG
CÔNG TY TNHH MỘT THÀNH VIÊN DỊCH VỤ THƯƠNG MẠI TRƯỜNG SƠN
CÔNG TY TNHH MỘT THÀNH VIÊN DỊCH VỤ VẬN TẢI HOÀNG TÚ AN
CÔNG TY TNHH MỘT THÀNH VIÊN DỊCH VỤ VẬN TẢI THANH NHÀN
CÔNG TY TNHH MỘT THÀNH VIÊN HD TRANSLATE
CÔNG TY TNHH MỘT THÀNH VIÊN HẠNH MINH QUÂN
CÔNG TY TNHH MỘT THÀNH VIÊN HẢI SẢN NGỌC ĐẠI DƯƠNG
CÔNG TY TNHH MỘT THÀNH VIÊN HỒ TÙNG PHÁT
CÔNG TY TNHH MỘT THÀNH VIÊN IN PHÚ XUÂN
CÔNG TY TNHH MỘT THÀNH VIÊN KALIPHARM
CÔNG TY TNHH MỘT THÀNH VIÊN KHAI THÁC THUẬN LỘC
CÔNG TY TNHH MỘT THÀNH VIÊN KHÁCH SẠN LÊ HUY
CÔNG TY TNHH MỘT THÀNH VIÊN KHÁCH SẠN PHẠM HOÀNG LÂM
CÔNG TY TNHH MỘT THÀNH VIÊN KHỎE ĐẸP BỀN VỮNG
CÔNG TY TNHH MỘT THÀNH VIÊN KINH DOANH THƯƠNG MẠI HOÀNG LONG
CÔNG TY TNHH MỘT THÀNH VIÊN MAI THÀNH TIẾN
CÔNG TY TNHH MỘT THÀNH VIÊN MÁY VÀ THIẾT BỊ THÁI BÌNH DƯƠNG
CÔNG TY TNHH MỘT THÀNH VIÊN MÔI TRƯỜNG TRỌNG TUẤN
CÔNG TY TNHH MỘT THÀNH VIÊN NGUYỄN HOÀNG HƯƠNG
CÔNG TY TNHH MỘT THÀNH VIÊN NHÀ MÁY SẢN XUẤT BÊ TÔNG NĂM CƯỜNG
CÔNG TY TNHH MỘT THÀNH VIÊN NÔNG SẢN THIÊN PHÚ
CÔNG TY TNHH MỘT THÀNH VIÊN PHÚ GIA CÁT
CÔNG TY TNHH MỘT THÀNH VIÊN PHÚC HÀ DƯƠNG
CÔNG TY TNHH MỘT THÀNH VIÊN SƠN MINH HÙNG
CÔNG TY TNHH MỘT THÀNH VIÊN SẢN XUẤT - THƯƠNG MẠI - DỊCH VỤ - TỔ CHỨC SỰ KIỆN VÀ QUẢNG CÁO QUỐC BẢO
CÔNG TY TNHH MỘT THÀNH VIÊN SẢN XUẤT THƯƠNG MẠI NINH THANH
CÔNG TY TNHH MỘT THÀNH VIÊN SẢN XUẤT TÚI XÁCH BOLARO
CÔNG TY TNHH MỘT THÀNH VIÊN THANH HÙNG VIỆT
CÔNG TY TNHH MỘT THÀNH VIÊN THIẾT BỊ PHI LỐP
CÔNG TY TNHH MỘT THÀNH VIÊN THIẾT KẾ XÂY DỰNG HUỲNH GIA
CÔNG TY TNHH MỘT THÀNH VIÊN THÀNH CÔNG BÌNH PHƯỚC
CÔNG TY TNHH MỘT THÀNH VIÊN THÁI NGỌC OANH
CÔNG TY TNHH MỘT THÀNH VIÊN THƯƠNG MẠI AN TRÍ PHÁT
CÔNG TY TNHH MỘT THÀNH VIÊN THƯƠNG MẠI DỊCH VỤ TÍN PHÚ THỊNH
CÔNG TY TNHH MỘT THÀNH VIÊN THƯƠNG MẠI DỊCH VỤ VẬN TẢI LÊ GIA
CÔNG TY TNHH MỘT THÀNH VIÊN THƯƠNG MẠI KỸ THUẬT THỊNH THẢO
CÔNG TY TNHH MỘT THÀNH VIÊN THƯƠNG MẠI VÀ DỊCH VỤ DU LỊCH VÕ ĐÀ NẴNG
CÔNG TY TNHH MỘT THÀNH VIÊN THƯƠNG MẠI VÀ KHOÁNG SẢN NHẬT MINH
CÔNG TY TNHH MỘT THÀNH VIÊN THƯƠNG MẠI XUẤT NHẬP KHẨU ĐẠI THIÊN PHÚC
CÔNG TY TNHH MỘT THÀNH VIÊN THƯƠNG MẠI XÂY DỰNG HUỲNH TUẤN
CÔNG TY TNHH MỘT THÀNH VIÊN THẮNG MINH PHÚC
CÔNG TY TNHH MỘT THÀNH VIÊN THỰC PHẨM SONG KHANH VIỆT NAM
CÔNG TY TNHH MỘT THÀNH VIÊN THỰC PHẨM VIỆT THÀNH HƯNG
CÔNG TY TNHH MỘT THÀNH VIÊN TƯ VẤN DỰ ÁN VÀ QUY HOẠCH HIỆU QUẢ
CÔNG TY TNHH MỘT THÀNH VIÊN TƯ VẤN THIẾT KẾ - ĐẦU TƯ XÂY DỰNG MEKONG
CÔNG TY TNHH MỘT THÀNH VIÊN TƯƠNG SONG
CÔNG TY TNHH MỘT THÀNH VIÊN VIAGER
CÔNG TY TNHH MỘT THÀNH VIÊN VŨ PHÚC QUÝ
CÔNG TY TNHH MỘT THÀNH VIÊN VẬT LIỆU XÂY DỰNG TƯỜNG XANH
CÔNG TY TNHH MỘT THÀNH VIÊN XÂY DỰNG THƯƠNG MẠI VÀ DỊCH VỤ HỒNG SEN VIỆT
CÔNG TY TNHH MỘT THÀNH VIÊN XÂY DỰNG VÀ DỊCH VỤ THIÊN LONG BẢO
CÔNG TY TNHH MỘT THÀNH VIÊN YUAN LIH VIỆT NAM
CÔNG TY TNHH MỘT THÀNH VIÊN ĐẦU TƯ XÂY DỰNG THIẾT BỊ AN MINH
CÔNG TY TNHH MỸ AN NHIÊN
CÔNG TY TNHH NHÀ HÀNG GREEN VALLEY
CÔNG TY TNHH NHÀ MÁY LIÊN DOANH DƯỢC QUỐC TẾ ANNA KOREA
CÔNG TY TNHH NHẤT TOÀN TÂM
CÔNG TY TNHH NHẬT QUANG MINH - NQM
CÔNG TY TNHH OSG VIỆT NAM
CÔNG TY TNHH PHÁT
CÔNG TY TNHH PHÁT TRIỂN
CÔNG TY TNHH PHÁT TRIỂN CÔNG
CÔNG TY TNHH PHÁT TRIỂN CÔNG NGHỆ
CÔNG TY TNHH PHÁT TRIỂN CÔNG NGHỆ VÀ
CÔNG TY TNHH PHÁT TRIỂN CÔNG NGHỆ VÀ KỸ
CÔNG TY TNHH PHÁT TRIỂN CÔNG NGHỆ VÀ KỸ THUẬT
CÔNG TY TNHH PHÁT TRIỂN CÔNG NGHỆ VÀ KỸ THUẬT NAM
CÔNG TY TNHH PHÁT TRIỂN CÔNG NGHỆ VÀ KỸ THUẬT NAM Địa
CÔNG TY TNHH PHÁT TRIỂN XÂY DỰNG VÀ VẬN TẢI TRƯỜNG PHÁT
CÔNG TY TNHH PHÒNG KHÁM ĐA KHOA TÂN LONG
CÔNG TY TNHH PHƯỚC MINH LONG
CÔNG TY TNHH QUANG MINH SEAFOOD
CÔNG TY TNHH QUỐC HOÀNG PHÁT
CÔNG TY TNHH QUỐC TẾ GIÁO DỤC KỸ NĂNG SỐNG VÀ SÁNG TẠO NGHỆ THUẬT
CÔNG TY TNHH QUỐC VIỆT ÂN
CÔNG TY TNHH SACLLY TRẦN
CÔNG TY TNHH SAMKANG
CÔNG TY TNHH SEN KHIẾT
CÔNG TY TNHH SILK GOLD
CÔNG TY TNHH STUDIO THANH LIÊM
CÔNG TY TNHH SX & TM THÀNH AN
CÔNG TY TNHH SX NHÃN MÁC VÀ IN ẤN VIỆT NAM
CÔNG TY TNHH SXTM
CÔNG TY TNHH SXTM MAI
CÔNG TY TNHH SXTM MAI TRẦN
CÔNG TY TNHH SXTM MAI TRẦN HOÀN
CÔNG TY TNHH SXTM MAI TRẦN HOÀN CẦU
CÔNG TY TNHH SXTM MAI TRẦN HOÀN CẦU Lượt
CÔNG TY TNHH SXTM MAI TRẦN HOÀN CẦU Điện
CÔNG TY TNHH SƠN DULUX VIỆT NAM
CÔNG TY TNHH SƠN TRANG TRÍ MINH HOÀNG
CÔNG TY TNHH SẢN XUẤT & XUẤT NHẬP KHẨU NÔNG SẢN, THỰC PHẨM SẠCH VIỆT NAM
CÔNG TY TNHH SẢN XUẤT - THƯƠNG MẠI - DỊCH VỤ LINH HOÀNG GIA
CÔNG TY TNHH SẢN XUẤT - THƯƠNG MẠI CHUẨN TÍN
CÔNG TY TNHH SẢN XUẤT GIÀY TOÀN CẦU ELITE VIỆT NAM
CÔNG TY TNHH SẢN XUẤT THƯƠNG MẠI BAO BÌ TÂN PHÚC
CÔNG TY TNHH SẢN XUẤT THƯƠNG MẠI DỊCH VỤ CÔNG TÍN
CÔNG TY TNHH SẢN XUẤT THƯƠNG MẠI DỊCH VỤ NING BO
CÔNG TY TNHH SẢN XUẤT THƯƠNG MẠI DỊCH VỤ THIÊN HƯNG PHÁT
CÔNG TY TNHH SẢN XUẤT THƯƠNG MẠI NANBAO
CÔNG TY TNHH SẢN XUẤT THƯƠNG MẠI VẢI SỢI HẢI YẾN
CÔNG TY TNHH SỰ LỰA CHỌN VÀNG
CÔNG TY TNHH TAKEUCHI VIỆT NAM
CÔNG TY TNHH TECHARENA VIỆT NAM
CÔNG TY TNHH THAN CỦI THANH LỢI
CÔNG TY TNHH THIẾT BỊ HÀNG HẢI ĐẠI DƯƠNG
CÔNG TY TNHH THIẾT BỊ Y TẾ BẢO KHANH
CÔNG TY TNHH THIẾT KẾ - XÂY DỰNG S&A
CÔNG TY TNHH THIẾT KẾ XÂY DỰNG LONG SƠN
CÔNG TY TNHH THÁI ĐỨC PHÚC
CÔNG TY TNHH THƯƠNG MẠI DU LỊCH VẬN TẢI GIA PHAN
CÔNG TY TNHH THƯƠNG MẠI DỊCH VỤ CHOOSE
CÔNG TY TNHH THƯƠNG MẠI DỊCH VỤ CÔNG NGHỆ TƯƠNG TÁC FIRST
CÔNG TY TNHH THƯƠNG MẠI DỊCH VỤ DU LỊCH NGUYỄN HẰNG
CÔNG TY TNHH THƯƠNG MẠI DỊCH VỤ KIM KHÍ ĐIỆN MÁY NAM THƯ
CÔNG TY TNHH THƯƠNG MẠI DỊCH VỤ KỸ THUẬT VĨNH TÙNG
CÔNG TY TNHH THƯƠNG MẠI DỊCH VỤ PHÁT THANH LONG
CÔNG TY TNHH THƯƠNG MẠI DỊCH VỤ PHÁT TRIỂN THIÊN HOA
CÔNG TY TNHH THƯƠNG MẠI DỊCH VỤ PHÁT TÀI LỘC KIÊN GIANG
CÔNG TY TNHH THƯƠNG MẠI DỊCH VỤ PHÚ TÍN LÊ
CÔNG TY TNHH THƯƠNG MẠI DỊCH VỤ QUẢNG CÁO TRUYỀN THÔNG THÀNH PHÚC
CÔNG TY TNHH THƯƠNG MẠI DỊCH VỤ SẢN XUẤT MINH MINH PHÁT
CÔNG TY TNHH THƯƠNG MẠI DỊCH VỤ THỰC PHẨM NHÀ HÀNG TOÀN ĐỨC
CÔNG TY TNHH THƯƠNG MẠI DỊCH VỤ VIMEX
CÔNG TY TNHH THƯƠNG MẠI DỊCH VỤ VẬN TẢI BIỂN TRỌNG HUY
CÔNG TY TNHH THƯƠNG MẠI DỊCH VỤ VẬN TẢI HƯNG THIỆN PHÁT
CÔNG TY TNHH THƯƠNG MẠI DỊCH VỤ VẬN TẢI MINH HIẾU MINH
CÔNG TY TNHH THƯƠNG MẠI DỊCH VỤ XUẤT NHẬP KHẨU BÌNH DƯƠNG
CÔNG TY TNHH THƯƠNG MẠI DỊCH VỤ XÂY DỰNG PHÁT MINH QUANG
CÔNG TY TNHH THƯƠNG MẠI DỊCH VỤ XÂY DỰNG PHÁT ĐẠT
CÔNG TY TNHH THƯƠNG MẠI DỊCH VỤ ĐỈNH VÀNG HẢI PHÒNG
CÔNG TY TNHH THƯƠNG MẠI HDF
CÔNG TY TNHH THƯƠNG MẠI KỸ THUẬT TOÀN TÂM PHÁT
CÔNG TY TNHH THƯƠNG MẠI QUỐC VIỆT CONTAINER
CÔNG TY TNHH THƯƠNG MẠI SẢN XUẤT NGUYÊN QUỐC
CÔNG TY TNHH THƯƠNG MẠI THAN SÔNG HỒNG
CÔNG TY TNHH THƯƠNG MẠI THÀNH CÔNG QUÝ
CÔNG TY TNHH THƯƠNG MẠI VÀ DỊCH VỤ - KHÁCH SẠN DƯƠNG MINH PHÁT
CÔNG TY TNHH THƯƠNG MẠI VÀ DỊCH VỤ ANH ANH MỸ
CÔNG TY TNHH THƯƠNG MẠI VÀ DỊCH VỤ VẬN TẢI ÁNH HUY
CÔNG TY TNHH THƯƠNG MẠI VÀ PHÁT TRIỂN DỊCH VỤ TRƯỜNG PHÁT
CÔNG TY TNHH THƯƠNG MẠI VÀ PHÁT TRIỂN ĐIỆN VIỆT NAM
CÔNG TY TNHH THƯƠNG MẠI VÀ SẢN XUẤT THANH TRÚC
CÔNG TY TNHH THƯƠNG MẠI VÀ XUẤT NHẬP KHẨU DTH VIỆT NAM
CÔNG TY TNHH THƯƠNG MẠI VÀ XUẤT NHẬP KHẨU ĐÔNG PHÁT
CÔNG TY TNHH THƯƠNG MẠI VÀ XÂY DỰNG PHÚ TIẾN
CÔNG TY TNHH THƯƠNG MẠI VẬN TẢI HẢI TIỀN
CÔNG TY TNHH THƯƠNG MẠI VẬN TẢI MINH CHÂU
CÔNG TY TNHH THƯƠNG MẠI VẬT LIỆU XÂY DỰNG BÁCH THỊNH
CÔNG TY TNHH THƯƠNG MẠI VẬT TƯ HOÀNG DŨNG
CÔNG TY TNHH THƯƠNG MẠI XUÂN ĐÁN
CÔNG TY TNHH THƯƠNG MẠI XUẤT NHẬP KHẨU LED HOÀNG GIA
CÔNG TY TNHH THƯƠNG MẠI XUẤT NHẬP KHẨU XUÂN LAN
CÔNG TY TNHH THƯƠNG MẠI XÂY DỰNG VÀ VẬN TẢI HOÀNG LONG
CÔNG TY TNHH THƯƠNG MẠI ĐIỆN LẠNH THÀNH AN
CÔNG TY TNHH THƯƠNG MẠI ĐẦU TƯ XÂY DỰNG BÁCH KHOA
CÔNG TY TNHH THẨM MỸ PHƯỢNG HOÀNG TRẮNG
CÔNG TY TNHH THỊ TRƯỜNG THƯƠNG MẠI BẤT ĐỘNG SẢN SMC
CÔNG TY TNHH THỊNH PHÁT TÂY HỒ
CÔNG TY TNHH THỦ CÔNG MỸ NGHỆ VÀ NỘI THẤT SÁNG TẠO VIỆT
CÔNG TY TNHH THỦY SẢN TRỌNG TÍN
CÔNG TY TNHH THỰC PHẨM NVT
CÔNG TY TNHH THỰC PHẨM SONG KIM
CÔNG TY TNHH THỰC PHẨM VT
CÔNG TY TNHH TIA
CÔNG TY TNHH TIA Lượt
CÔNG TY TNHH TIA Điện
CÔNG TY TNHH TIN HỌC & VIỄN THÔNG HC-TECH
CÔNG TY TNHH TIẾP VẬN VIỆT QUẢNG
CÔNG TY TNHH TKDV ĐÔNG BẮC
CÔNG TY TNHH TM & DV HIẾU HÙNG
CÔNG TY TNHH TM-DV ÂU VIỆT
CÔNG TY TNHH TNHH SẢN XUẤT THƯƠNG MẠI THỰC PHẨM P&T
CÔNG TY TNHH TRUYỀN THÔNG QUỐC TẾ QUICK EVENT
CÔNG TY TNHH TRUYỀN THÔNG VÀ LỮ HÀNH INSENSATUS
CÔNG TY TNHH TRUYỀN THÔNG VÀ SỰ KIỆN TRẦN GIA
CÔNG TY TNHH TÂN PHÚ BÌNH PHƯỚC
CÔNG TY TNHH TÔN PHƯƠNG NAM
CÔNG TY TNHH TƯ VẤN DU HỌC VÀ DỊCH VỤ QUỐC TẾ GEC
CÔNG TY TNHH TƯ VẤN DỊCH VỤ ĐẦU TƯ THIẾT KẾ XÂY DỰNG AN PHÚ
CÔNG TY TNHH TƯ VẤN THIẾT KẾ - XÂY DỰNG Q.ARCHITECTS
CÔNG TY TNHH TƯ VẤN TOÀN MỸ
CÔNG TY TNHH TƯ VẤN VÀ BẢO TRỢ DU HỌC MỸ AVISA
CÔNG TY TNHH TƯ VẤN VÀ PHÁT TRIỂN CÔNG NGHỆ TRƯỜNG AN
CÔNG TY TNHH TƯ VẤN VÀ THIẾT KẾ HOÀN HẢO QUỐC TẾ
CÔNG TY TNHH TƯ VẤN ĐẦU TƯ KIẾN TRÚC XÂY DỰNG VIỆT NAM
CÔNG TY TNHH TƯ VẤN ĐẦU TƯ XÂY DỰNG PHÚC LIÊM
CÔNG TY TNHH VIDIGI
CÔNG TY TNHH VITIKO
CÔNG TY TNHH VIỄN THÔNG HUY THỊNH PHÁT
CÔNG TY TNHH VƯƠNG CƯỜNG PHÚ THỌ
CÔNG TY TNHH VẬN TẢI - GIAO NHẬN SONG ANH
CÔNG TY TNHH VẬN TẢI KẾT QUẢ HƯNG YÊN
CÔNG TY TNHH VẬT LIỆU CƠ KHÍ XÂY DỰNG VÂN LĨNH
CÔNG TY TNHH VẬT LIỆU XÂY DỰNG VÀ THƯƠNG MẠI HOÀNG DŨNG
CÔNG TY TNHH XUẤT NHẬP KHẨU THƯƠNG MẠI DỊCH VỤ AN TÂM PHÚC
CÔNG TY TNHH XUẤT NHẬP KHẨU THƯƠNG MẠI VÀ DỊCH VỤ KAG
CÔNG TY TNHH XUẤT NHẬP KHẨU THỊNH PHÁT HẢI PHÒNG
CÔNG TY TNHH XUẤT NHẬP KHẨU VÀ THƯƠNG MẠI KIM QUY VINA
CÔNG TY TNHH XUẤT NHẬP KHẨU XUÂN THÀNH LS
CÔNG TY TNHH XÂY DỰNG BÀ RỊA TÂN THÀNH
CÔNG TY TNHH XÂY DỰNG GVS
CÔNG TY TNHH XÂY DỰNG HẢI NHÂN
CÔNG TY TNHH XÂY DỰNG KỸ THUẬT CITY KEY
CÔNG TY TNHH XÂY DỰNG THƯƠNG MẠI VÀ NÔNG NGHIỆP QUANG MINH
CÔNG TY TNHH XÂY DỰNG THẢO ĐIỀN
CÔNG TY TNHH XÂY DỰNG TRÍ LUẬT
CÔNG TY TNHH XÂY DỰNG VÀ DỊCH VỤ HƯNG PHÁT
CÔNG TY TNHH XÂY DỰNG VÀ DỊCH VỤ TÂN THÀNH
CÔNG TY TNHH XÂY DỰNG VÀ THƯƠNG MẠI NAM ĐỨC ĐẠT
CÔNG TY TNHH XÂY DỰNG VÀ THƯƠNG MẠI VÂN TRINH
CÔNG TY TNHH XÂY DỰNG ƯU ĐÀM
CÔNG TY TNHH XÂY LẮP & DỊCH VỤ AVG
CÔNG TY TNHH XÂY LẮP THANH LÂM
CÔNG TY TNHH XÂY LẮP ĐIỆN ANH MINH
CÔNG TY TNHH ÁNH SÁNG GREEN
CÔNG TY TNHH Ô TÔ CỬU LONG
CÔNG TY TNHH ĐIỆN CÔNG NGHIỆP THỪA ĐỨC
CÔNG TY TNHH ĐÀO TẠO VÀ HỖ TRỢ BÌNH MINH
CÔNG TY TNHH ĐÔNG Á NHA TRANG
CÔNG TY TNHH ĐẦU
CÔNG TY TNHH ĐẦU TƯ
CÔNG TY TNHH ĐẦU TƯ DỊCH VỤ & THƯƠNG MẠI QUỐC TẾ MITSULI
CÔNG TY TNHH ĐẦU TƯ MẶT TRỜI VÀNG VIỆT NAM
CÔNG TY TNHH ĐẦU TƯ PHÁT TRIỂN THƯƠNG MẠI DỊCH VỤ MAI THU
CÔNG TY TNHH ĐẦU TƯ PHÁT TRIỂN XÂY DỰNG HỢP NHẤT
CÔNG TY TNHH ĐẦU TƯ SẢN XUẤT THƯƠNG MẠI DỊCH VỤ TÍN ĐẠT
CÔNG TY TNHH ĐẦU TƯ THƯƠNG MẠI DỊCH VỤ VÀ VẬN TẢI TRANG LINH
CÔNG TY TNHH ĐẦU TƯ THƯƠNG MẠI HOÀNG HẢI PHÁT
CÔNG TY TNHH ĐẦU TƯ THƯƠNG MẠI VÀ XÂY DỰNG THỊNH THÀNH
CÔNG TY TNHH ĐẦU TƯ VÀ DỊCH VỤ TIN HỌC GIA HUY
CÔNG TY TNHH ĐẦU TƯ VÀ THƯƠNG MẠI TECHCO VIỆT NAM
CÔNG TY TNHH ĐẦU TƯ VÀ THƯƠNG MẠI VIỆT YẾN
CÔNG TY TNHH ĐẦU TƯ XUẤT
CÔNG TY TNHH ĐẦU TƯ XUẤT NHẬP
CÔNG TY TNHH ĐẦU TƯ XUẤT NHẬP KHẨU
CÔNG TY TNHH ĐẦU TƯ XUẤT NHẬP KHẨU PHONG
CÔNG TY TNHH ĐẦU TƯ XUẤT NHẬP KHẨU PHONG HOÀNG
CÔNG TY TNHH ĐẦU TƯ XUẤT NHẬP KHẨU PHONG HOÀNG VIỆ
CÔNG TY TNHH ĐẦU TƯ XUẤT NHẬP KHẨU PHONG HOÀNG VIỆ Địa
CÔNG TY TNHH ĐẦU TƯ XUẤT NHẬP KHẨU THUẬN LỢI
CÔNG TY TNHH ĐẦU TƯ XÂY DỰNG BẢO TRÂN LÂM ĐỒNG
CÔNG TY TNHH ĐẦU TƯ XÂY DỰNG VÀ THƯƠNG MẠI DỊCH VỤ THIỆN NHÂN
CÔNG TY TNHH ĐỒ GỖ VÀ TRANG TRÍ NỘI THẤT THANH TÂN
CÔNG TY TRÁCH NHIỆM HỮU HẠN AN PHÚ RẠCH GIÁ
CÔNG TY TRÁCH NHIỆM HỮU HẠN MỘT THÀNH VIÊN CÔNG VIÊN VĂN HOÁ ĐẠI HỌC VÕ TRƯỜNG TOẢN
CÔNG TY TRÁCH NHIỆM HỮU HẠN MỘT THÀNH VIÊN DƯƠNG NHƯ Ý
CÔNG TY TRÁCH NHIỆM HỮU HẠN MỘT THÀNH VIÊN NÔNG VIỆT AN GIANG
CÔNG TY TRÁCH NHIỆM HỮU HẠN MỘT THÀNH VIÊN PHÚC THẢO KIÊN GIANG
CÔNG TY TRÁCH NHIỆM HỮU HẠN MỘT THÀNH VIÊN PHÚC ĐẾN
CÔNG TY TRÁCH NHIỆM HỮU HẠN MỘT THÀNH VIÊN THƯƠNG MẠI TƯ VẤN ĐẦU TƯ DU HỌC CHÂU THANH
CÔNG TY TRÁCH NHIỆM HỮU HẠN MỘT THÀNH VIÊN TĂNG PHÁT THỊNH
CÔNG TY TRÁCH NHIỆM HỮU HẠN THƯƠNG MẠI DỊCH VỤ SƠN THÀNH TG
CÔNG TY TRÁCH NHIỆM HỮU HẠN THƯƠNG MẠI DỊCH VỤ XUẤT NHẬP KHẨU TƯỜNG LAN
CÔNG TY TRÁCH NHIỆM HỮU HẠN THƯƠNG MẠI SẢN XUẤT DỊCH VỤ VN TÂN TOÀN THẮNG
CÔNG TY TRÁCH NHIỆM HỮU HẠN THƯƠNG MẠI VÀ XÂY DỰNG PHÚ MỸ KIM
CÔNG TY TRÁCH NHIỆM HỮU HẠN XÂY DỰNG 8688
CÔNG TY TRÁCH NHIỆM HỮU HẠN XÂY DỰNG LÂM HOÀNG QUÂN
CÔNG TY TRÁCH NHIỆM HỮU HẠN ĐẦU TƯ VÀ THƯƠNG MẠI HƯNG TẤN PHÁT
Công Ty Cổ
Công Ty Cổ Phân
Công Ty TNHH
Công Ty TNHH Một
Công Ty TNHH Một Thành
Công Ty TNHH Một Thành Viên
Công Ty TNHH Một Thành Viên In
Công Ty TNHH Một Thành Viên In Ấn
Công Ty TNHH Một Thành Viên In Ấn Mộc
Công Ty TNHH Một Thành Viên In Ấn Mộc Thảo
Công Ty TNHH Một Thành Viên In Ấn Mộc Thảo Xem
Công Ty TNHH Song
Công Ty TNHH Song An
Công Ty TNHH Song An Lượt
Công Ty TNHH Song An Điện
Công ty Cổ
Công ty Cổ Phần
Công ty Cổ Phần Đầu
Công ty Cổ Phần Đầu Tư
Công ty Cổ Phần Đầu Tư Xây
Công ty Cổ Phần Đầu Tư Xây Dựng
Công ty TNHH
Công ty TNHH MTV
Công ty TNHH MTV TMDV
Công ty TNHH MTV TMDV Vĩnh
Công ty TNHH MTV TMDV Vĩnh Trường
Công ty TNHH MTV TMDV Vĩnh Trường Lộc
Công ty TNHH MTV TMDV Vĩnh Trường Lộc Công
Công ty TNHH THƯƠNG
Công ty TNHH THƯƠNG MẠI
Công ty TNHH THƯƠNG MẠI DỊCH
Công ty TNHH THƯƠNG MẠI DỊCH VỤ
Công ty TNHH THƯƠNG MẠI DỊCH VỤ HỢP
Công ty TNHH THƯƠNG MẠI DỊCH VỤ HỢP THÀNH
Công ty TNHH THƯƠNG MẠI DỊCH VỤ HỢP THÀNH THỊNH
Công ty TNHH THƯƠNG MẠI DỊCH VỤ HỢP THÀNH THỊNH Lượt
Công ty TNHH THƯƠNG MẠI DỊCH VỤ HỢP THÀNH THỊNH Điện
Công ty TNHH Thương
Công ty TNHH Thương Mại
Công ty TNHH Thương Mại Và
Công ty TNHH Thương Mại Và Công
Công ty TNHH Thương Mại Và Công Nghệ
Công ty TNHH Thương Mại Và Công Nghệ Hồng
Công ty TNHH Thương Mại Và Công Nghệ Hồng Dương Công Ty
Cửa hàng BHLĐ
Cửa hàng BHLĐ Hoàng
Cửa hàng BHLĐ Hoàng Quân
Cửa hàng BHLĐ Hoàng Quân Lượt
Cửa hàng BHLĐ Hoàng Quân Điện
DOANH NGHIỆP TN THẾ GIỚI ĐỒ GỖ
DOANH NGHIỆP TN TRẦN BÌNH CHỢ MỚI
DOANH NGHIỆP TN VẬT LIỆU XÂY DỰNG 72
DOANH NGHIỆP TN XĂNG DẦU NHỚT ĐẶNG THANH TÙNG
DOANH NGHIỆP TN ĐỒ GỖ THIÊN SOÁI
DOANH NGHIỆP TƯ NHÂN AN AN PHÚ KIÊN GIANG
DOANH NGHIỆP TƯ NHÂN CHÍN TÚ
DOANH NGHIỆP TƯ NHÂN CÀ PHÊ QUỲNH ANH
DOANH NGHIỆP TƯ NHÂN DIỄM PHƯỢNG VĨNH BÌNH NAM
DOANH NGHIỆP TƯ NHÂN DỊCH VỤ VÀ VẬN TẢI PHÚ HIỆP
DOANH NGHIỆP TƯ NHÂN DỊCH VỤ, THƯƠNG MẠI VÀ DỊCH THUẬT TÂM THÀNH
DOANH NGHIỆP TƯ NHÂN KINH DOANH THƯƠNG MẠI KIÊN CƯỜNG
DOANH NGHIỆP TƯ NHÂN LINH NAM ANH
DOANH NGHIỆP TƯ NHÂN NAM QUY HẢI GIANG
DOANH NGHIỆP TƯ NHÂN NGUYỄN SOA
DOANH NGHIỆP TƯ NHÂN PIZZA MI 2
DOANH NGHIỆP TƯ NHÂN THƯƠNG MẠI DỊCH VỤ NGUYỄN DŨNG XUYÊN
DOANH NGHIỆP TƯ NHÂN THƯƠNG MẠI DỊCH VỤ XĂNG DẦU VÂN ANH 6
DOANH NGHIỆP TƯ NHÂN THƯƠNG MẠI VÀ DỊCH VỤ THANH NHÃ
DOANH NGHIỆP TƯ NHÂN VÀNG BẠC THÁI AN
DOANH NGHIỆP TƯ NHÂN VẬN TẢI CHÂU NGUYÊN
DOANH NGHIỆP TƯ NHÂN XÂY DỰNG VINH NAM SƠN LA
DOANH NGHIỆP TƯ NHÂN ĐỒ GỖ THỦY QUYÊN
Dell
Google
HTX DỊCH VỤ VÀ PHÁT TRIỂN KINH TẾ LẬPTHẠCH
HỘI NÔNG DÂN THÀNH PHỐ UÔNG BÍ
HỢP TÁC XÃ MÂY TRE LÁ TÂY ĐÔ
HỢP TÁC XÃ PHÁT TRIỂN TRANG TRẠI NÔNG DƯỢC HỮU CƠ SÌN HỒ LAI CHÂU
HỢP TÁC XÃ SẢN XUẤT KINH DOANH DỊCH VỤ BẮC THÁI
HỢP TÁC XÃ SẢN XUẤT RAU VÀ DỊCH VỤ NÔNG NGHIỆP TÂN HẢO
HỢP TÁC XÃ VẬN TẢI THÀNH ĐẠT
KHỐI MẶT TRẬN TỔ QUỐC VÀ CÁC ĐOÀN THỂ CHÍNH TRỊ - XÃ HỘI
Lenovo
Microsoft
PHÒNG DÂN TỘC HUYỆN MỸ ĐỨC
PHÒNG GIAO DỊCH NGÂN HÀNG CHÍNH SÁCH XÃ HỘI HUYỆN VIỆT YÊN
QUẢNG CÁO THÀNH TRANG
SamSung
TRUNG TÂM DỊCH VỤ KỸ THUẬT NÔNG NGHIỆP
TRUNG TÂM NGHIÊN CỨU QUẢN LÝ, GIÁM SÁT VÀ ĐÁNH GIÁ NGÀNH NÔNG NGHIỆP
TRUNG TÂM NGHIÊN CỨU VÀ TRUYỀN THÔNG VÌ SỰ PHÁT TRIỂN BỀN VỮNG
TRUNG TÂM PHÁT TRIỂN QUỸ ĐẤT HUYỆN HƯỚNG HOÁ
TRƯỜNG MẦM NON TRÀNG CÁC
TRƯỜNG MẦM NON XUÂN PHÚ
TRƯỜNG MẦM NON XUÂN PHƯƠNG
TRƯỜNG MẦM NON ĐÀ GIANG TƯỜNG PHONG
TRƯỜNG PHỔ THÔNG DÂN TỘC BÁN TRÚ TIỂU HỌC VÀ TRUNG HỌC CƠ SỞ PHƯỚC KIM
TRƯỜNG TIỂU HỌC VÀ THCS TƯỜNG PHONG
Tosiba
VĂN PHÒNG CÔNG CHỨNG TRỊNH TUẤN ANH
VĂN PHÒNG LUẬT SƯ TRẤN BIÊN
VĂN PHÒNG LUẬT SƯ ĐỒNG HỮU PHÁP
VĂN PHÒNG ĐẠI DIỆN CÔNG TY CỔ PHẦN ĐỊA ỐC CÁT TƯỜNG ĐỨC HÒA
VĂN PHÒNG ĐẠI DIỆN CẦU GIẤY - CÔNG TY CỔ PHẦN DỊCH THUẬT CHUYÊN NGHIỆP SỐ 1
VĂN PHÒNG ĐẠI DIỆN KG FASHION CO., LTD TẠI HÀ NỘI
VĂN PHÒNG ĐẠI DIỆN MIỀN TRUNG - TẠP CHÍ ĐÔNG NAM Á
VĂN PHÒNG ĐẠI DIỆN SOLE TECHNOLOGY, INC TẠI HẢI DƯƠNG
VĂN PHÒNG ĐẠI DIỆN TP.TP. HỒ CHÍ MINH - CÔNG TY CỔ PHẦN QUỐC TẾ THỊNH ĐẠT (TP. HÀ NỘI)
VĂN PHÒNG ĐẠI DIỆN TRADE POINT A/S, DIRECT CONTAINER TẠI THÀNH PHỐ HỒ CHÍ MINH
Yahoo
ĐÀI TRUYỀN THANH - TRUYỀN HÌNH HUYỆN PHÚ RIỀNG
