02 Quang Trung, Phường Thạch Thang, Quận Hải Châu, Đà Nẵng
04 Tôn Đản, Phường Lộc Thọ, Thành phố Nha Trang, Khánh Hòa
07 Xuân Thủy, Phường Khuê Trung, Quận Cẩm Lệ, Đà Nẵng
08 Phan Văn Trị, Phường An Phú, Quận Ninh Kiều, Cần Thơ
09 An Thượng 24, Phường Mỹ An, Quận Ngũ Hành Sơn, Đà Nẵng
10/2 Đường Huỳnh Tịnh Của, Phường 19, Quận Bình Thạnh, TP Hồ Chí Minh
106, Lê Thành Phương, Phường Xuân Phú, Thị xã Sông Cầu, Phú Yên
108 Nguyễn Phúc Chu, Phường 15, Quận Tân Bình, TP Hồ Chí Minh
10A Ao Đôi, KP10, Phường Bình Trị Đông A, Quận Bình Tân, TP Hồ Chí Minh
112/32 Nguyễn ảnh Thủ, Khu phố 4, phường Hiệp Thành, Quận 12, TP Hồ Chí Minh
11Bis Thi Sách, Phường Bến Nghé, Quận 1, TP Hồ Chí Minh
122A Tăng Bạt Hổ, Phường Yên Đỗ, Thành phố Pleiku, Gia Lai
1237/3 Hoàng Sa, Phường 5, Quận Tân Bình, TP Hồ Chí Minh
125A Nguyễn Hữu Cảnh, Phường 22, Quận Bình Thạnh, TP Hồ Chí Minh
131/6 Kinh Dương Vương, Phường 12, Quận 6, TP Hồ Chí Minh
1366/11 Nguyễn Duy Trinh, Phường Long Trường, Quận 9, TP Hồ Chí Minh
139 Bùi Thị Xuân, Phường Phường Đúc, Thành phố Huế, Thừa Thiên, Huế
14 Phan Nhu, Phường Thanh Khê Tây, Quận Thanh Khê, Đà Nẵng
140 Cao Bá Quát, Phường Hải Tân, Thành phố Hải Dương, Hải Dương
140 Trưng Nữ Vương, Phường Bình Hiên, Quận Hải Châu, Đà Nẵng
141 An Dương Vương, Phường An Cựu, Thành phố Huế, Thừa Thiên, Huế
149 Lê Duẫn, Thị trấn Khe Sanh, Huyện Hướng Hoá, Quảng Trị
153/3 Nguyễn Thái Học, Phường Mỹ Bình, Thành phố Long Xuyên , An Giang
156, Lý Văn Lâm, khóm 2, Phường 1, Thành phố Cà Mau, Cà Mau
158/1 Nguyễn Tư Tân, Phường Trần Hưng Đạo, Thành phố Quảng Ngãi, Quảng Ngãi
16 Ngô Trọng Thiên, Phường Hải Cảng, Thành phố Quy Nhơn, Bình Định
160 đường 26/3, Phường Châu Văn Liêm, Quận Ô Môn, Cần Thơ
162 Nguyễn ảnh Thủ, ấp Đông 1, Xã Thới Tam Thôn, Huyện Hóc Môn, TP Hồ Chí Minh
17 Tân Lập 2, Phường Thạch Thang, Quận Hải Châu, Đà Nẵng
17 Đường 34, Phường Bình Trị Đông B, Quận Bình Tân, TP Hồ Chí Minh
17/93B Hoàng Diệu, Phường Vĩnh Nguyên, Thành phố Nha Trang, Khánh Hòa
175/04, Nguyễn Trãi, khóm 2, Phường 9, Thành phố Cà Mau, Cà Mau
179 Gò ô Môi, Phường Phú Thuận, Quận 7, TP Hồ Chí Minh
18 Đường Thoại Ngọc Hầu, Phường Hoà Thạnh, Quận Tân phú, TP Hồ Chí Minh
18/4 Đường Cảng Bến Nghé, Khu Phố 5, Phường Tân Thuận Đông, Quận 7, TP Hồ Chí Minh
18/65/169 Ngô Gia Tự, Phường Đằng Lâm, Quận Hải An, Hải Phòng
183B/26C1 Tôn Thất Thuyết, phường 04, Quận 4, TP Hồ Chí Minh
19B, Nguyễn Ngọc Sanh, khóm 3, Phường 5, Thành phố Cà Mau, Cà Mau
209 Quách Đình Bảo, Phường Phú Thạnh, Quận Tân phú, TP Hồ Chí Minh
21/2 Trương Định, Phường Mân Thái, Quận Sơn Trà, Đà Nẵng
211 Lê Thanh Nghị, Phường Hoà Cường Bắc, Quận Hải Châu, Đà Nẵng
215/6/20 Đường TMT13, Khu phố 4, phường Trung Mỹ Tây, Quận 12, TP Hồ Chí Minh
220 Đinh Bộ Lĩnh, Phường 3, Thành phố Mỹ Tho, Tiền Giang
220/19 Đường số 10, Phường 9, Quận Gò Vấp, TP Hồ Chí Minh
23/5C ấp Trung Chánh 2, Xã Trung Chánh, Huyện Hóc Môn, TP Hồ Chí Minh
24 Đường số 4, Phường Tân Phú, Quận 7, TP Hồ Chí Minh
240 Bà Triệu, Phường Quang Trung, Thành phố Kon Tum, Kon Tum
242/21/34 Nguyễn Thiện Thuật, Phường 03, Quận 3, TP Hồ Chí Minh
25/68 Đường Nguyễn Bỉnh Khiêm, Phường Bến Nghé, Quận 1, TP Hồ Chí Minh
250 Thanh Thủy, Phường Thuận Phước, Quận Hải Châu, Đà Nẵng
257/12 Lý Thường Kiệt, Phường 15, Quận 11, TP Hồ Chí Minh
2573/2B đường Vườn Lài, Khu Phố 2, phường An Phú Đông, Quận 12, TP Hồ Chí Minh
26/9 Đường số 2, Khu Phố 3, Phường Cát Lái, Quận 2, TP Hồ Chí Minh
266A Phan Huy ích, Phường 12, Quận Gò Vấp, TP Hồ Chí Minh
26B Lê Quốc Hưng, phường 12, Quận 4, TP Hồ Chí Minh
27 Trường Chinh, phường Tân Thới Nhất, Quận 12, TP Hồ Chí Minh
276 Quốc Lộ 1K, khu phố 1, Phường Linh Xuân, Quận Thủ Đức, TP Hồ Chí Minh
28 Nguyễn ảnh Thủ, ấp Đông 1, Xã Thới Tam Thôn, Huyện Hóc Môn, TP Hồ Chí Minh
281/2/3 Bình Lợi, Phường 13, Quận Bình Thạnh, TP Hồ Chí Minh
30 Đặng Văn Ngữ, Phường 10, Quận Phú Nhuận, TP Hồ Chí Minh
301/6Phan Bội Châu, Phường Nguyễn Nghiêm, Thành phố Quảng Ngãi, Quảng Ngãi
315 Nam Kỳ Khởi Nghĩa, Phường 07, Quận 3, TP Hồ Chí Minh
318/46 Phan Văn Trị, Phường 11, Quận Bình Thạnh, TP Hồ Chí Minh
33 Vũ Phương Đề, Phường Thạnh Mỹ Lợi, Quận 2, TP Hồ Chí Minh
337/10 Hoàng Quốc Việt, Khu vực 4, Phường An Bình, Quận Ninh Kiều, Cần Thơ
337A2 Đinh Bộ Lĩnh, Phường 26, Quận Bình Thạnh, TP Hồ Chí Minh
34 Huỳnh Tịnh Của, Phường 08, Quận 3, TP Hồ Chí Minh
34 Phùng Khắc Hoan, Phường Đa Kao, Quận 1, TP Hồ Chí Minh
35 Trần Phú, Thị trấn Lộc Thắng, Huyện Bảo Lâm, Lâm Đồng
356 Quốc Lộ 1A, Khu phố 9, Thị trấn Bến Lức, Huyện Bến Lức, Long An
36 Hẻm 6, Huỳnh Công Giản, Khu phố 7, Phường 3, Thành phố Tây Ninh, Tây Ninh
36/27 Đường D2, Phường 25, Quận Bình Thạnh, TP Hồ Chí Minh
364 Huỳnh Tấn Phát, Phường Bình Thuận, Quận 7, TP Hồ Chí Minh
37/371 La Thành, Phường ô Chợ Dừa, Quận Đống đa, Hà Nội
396 ấp An Hưng, Xã An Thạnh 3, Huyện Cù Lao Dung, Sóc Trăng
397/10C Đỗ Xuân Hợp, Phường Phước Long B, Quận 9, TP Hồ Chí Minh
397A Khu Phố 6, Đường Kha Vạn Cân, Phường Hiệp Bình Chánh, Quận Thủ Đức, TP Hồ Chí Minh
40 Nguyễn Phúc Nguyên, Phường Hương Long, Thành phố Huế, Thừa Thiên, Huế
420D Nguyễn Thị Thập, Phường Tân Quy, Quận 7, TP Hồ Chí Minh
421 Tôn Đức Thắng, Xã Tân Phước, Thị xã La Gi, Bình Thuận
422/3 Khu Vực 14, Phường Châu Văn Liêm, Quận Ô Môn, Cần Thơ
432/10A Đường Xô Viết Nghệ Tĩnh, Phường 25, Quận Bình Thạnh, TP Hồ Chí Minh
45/44 Đường số 3, Khu phố 5, Phường Bình Hưng Hòa, Quận Bình Tân, TP Hồ Chí Minh
47/4, khu vực 2, Phường Trà Nóc, Quận Bình Thuỷ, Cần Thơ
47G Trần Văn Đang, Phường 09, Quận 3, TP Hồ Chí Minh
490/H1/5, khu vực Bình An, Phường Long Hòa, Quận Bình Thuỷ, Cần Thơ
49B4, KP 11, Phường Tân Phong, Thành phố Biên Hoà, Đồng Nai
5/15, Hải Thượng Lãng ông, Phường Tấn Tài, TP. Phan Rang-Tháp Chàm, Ninh Thuận
5/33 Nguyễn Văn Vĩnh, Phường 4, Quận Tân Bình, TP Hồ Chí Minh
51/8/1 Đường TA 04, Khu phố 1, phường Thới An, Quận 12, TP Hồ Chí Minh
52/3/6 Đường số 11, Phường 11, Quận Gò Vấp, TP Hồ Chí Minh
53/3 Ngô Gia Tự, Phường Tân An, TP.Buôn Ma Thuột, Đắc Lắc
53A đường 205A, Phường Tân Phú, Quận 9, TP Hồ Chí Minh
54 Ngô Quang Huy, Phường Thảo Điền, Quận 2, TP Hồ Chí Minh
549/85/7 Lê Văn Thọ, Phường 14, Quận Gò Vấp, TP Hồ Chí Minh
56/9B Huỳnh Tấn Phát, Thị Trấn Nhà Bè, Huyện Nhà Bè, TP Hồ Chí Minh
59 Đường 12, Phường Tân Thuận Tây, Quận 7, TP Hồ Chí Minh
62 Nguyễn Duy Trinh, Phường Bình Trưng Tây, Quận 2, TP Hồ Chí Minh
62/21 Lý Chính Thắng, Phường 08, Quận 3, TP Hồ Chí Minh
624 Tỉnh Lộ 15, phường Thạnh Lộc, Quận 12, TP Hồ Chí Minh
65 Dương Khuê, Phường Mỹ An, Quận Ngũ Hành Sơn, Đà Nẵng
65, KV Tân Lợi 2, Phường Tân Hưng, Quận Thốt Nốt, Cần Thơ
655/24 Lê Trọng Tấn, Phường Bình Hưng Hòa, Quận Bình Tân, TP Hồ Chí Minh
66/3E Mỹ Hòa 1, Xã Trung Chánh, Huyện Hóc Môn, TP Hồ Chí Minh
68/4 Nguyễn Thái Bình, Phường Nguyễn Thái Bình, Quận 1, TP Hồ Chí Minh
7/2Z ấp Thới Tây 1, Xã Tân Hiệp, Huyện Hóc Môn, TP Hồ Chí Minh
70/6 Tân Mỹ, Phường Tân Thuận Tây, Quận 7, TP Hồ Chí Minh
71A Nguyễn Trung Trực, KP6, Thị trấn Bến Lức, Huyện Bến Lức, Long An
71A, đường Hưng Đạo Vương, kp4, Phường Trung Dũng, Thành phố Biên Hoà, Đồng Nai
72 Đường số 55, Khu phố 9, Phường Tân Tạo, Quận Bình Tân, TP Hồ Chí Minh
73 đường 2/9, Phường Hoà Cường Nam, Quận Hải Châu, Đà Nẵng
81/1C Tổ 15, ấp 4, Xã Xuân Thới Thượng, Huyện Hóc Môn, TP Hồ Chí Minh
82-84 Chợ Lớn, Phường 11, Quận 6, TP Hồ Chí Minh
83/48/8/18 Vườn Lài, Phường Phú Thọ Hoà, Quận Tân phú, TP Hồ Chí Minh
845 Tỉnh Lộ 10, Phường Bình Trị Đông B, Quận Bình Tân, TP Hồ Chí Minh
846/C19 đường Bình Giã, Phường 12, Thành Phố Vũng Tàu, Bà Rịa, Vũng Tàu
86 Nguyễn Thông, Phường 09, Quận 3, TP Hồ Chí Minh
87 Phan Thanh, Phường Thạc Gián, Quận Thanh Khê, Đà Nẵng
92/5 Giang Cự Vọng, Khu Phố 7, phường Trung Mỹ Tây, Quận 12, TP Hồ Chí Minh
94/39 Đường số 39, Khu Phố 6, Phường Bình Trưng Tây, Quận 2, TP Hồ Chí Minh
94/39 Đường số 39, Khu phố 6, Phường Bình Trưng Tây, Quận 2, TP Hồ Chí Minh
98/31B Linh Đông, Phường Linh Đông, Quận Thủ Đức, TP Hồ Chí Minh
99 Tôn Thất Thyết, phường 15, Quận 4, TP Hồ Chí Minh
A006, Tòa nhà The Manor, đường Mễ Trì, Phường Mỹ Đình 1, Quận Nam Từ Liêm, Hà Nội
A27, khu dân cư Quân đội, khu vực Yên Hạ, Phường Thường Thạnh, Quận Cái Răng, Cần Thơ
A6/7Q, Quốc lộ 1A, Khu phố 3, Phường Tân Tạo A, Quận Bình Tân, TP Hồ Chí Minh
An Giang
B14C/24 Cây Cám, Xã Vĩnh Lộc B, Huyện Bình Chánh, TP Hồ Chí Minh
B7/14 ấp 3, Xã Bình Hưng, Huyện Bình Chánh, TP Hồ Chí Minh
BB10 Trường Sơn, Phường 15, Quận 10, TP Hồ Chí Minh
Bà Rịa - Vũng Tàu
Bình Dương
Bình Phước
Bình Thuận
Bình Định
Bạc Liêu
Bản Hạ Lương, Xã Tường Phong, Huyện Phù Yên, Sơn La
Bắc Giang
Bắc Kạn
Bắc Ninh
Bến Tre
C10/32/10 Võ Văn Vân, ấp 3, Xã Vĩnh Lộc B, Huyện Bình Chánh, TP Hồ Chí Minh
Cao Bằng
Chợ Đậu, Xã Lạc Đạo, Huyện Văn Lâm, Hưng Yên
Cà Mau
Công ty TNHH Believe Zone, Lô D2, KCN Phú Thái, Thị trấn Phú Thái, Huyện Kim Thành, Hải Dương
Công ty TNHH gang thép HN Formosa Hà Tĩnh, Phường Kỳ Long, Thị xã Kỳ Anh, Hà Tĩnh
Căn hộ I, phòng 206 khu chung cư Thanh Lộc Đán, Phường Hoà Minh, Quận Liên Chiểu, Đà Nẵng
Căn số 06, lô M12, phố thương mại Uni-Town, Phường Hoà Phú, Thành phố Thủ Dầu Một, Bình Dương
Cần Thơ
Cụm Công nghiệp Quất Động, Xã Quất Động, Huyện Thường Tín, Hà Nội
Cụm công nghiệp Thái Yên, thôn Bình Định, Xã Thái Yên, Huyện Đức Thọ, Hà Tĩnh
E4 ấp Mỹ Hòa 4, Xã Xuân T Đông, Huyện Hóc Môn, TP Hồ Chí Minh
E6/23-24, Khu phố Bình Thuận 2, Phường Thuận Giao, TX Thuận An, Bình Dương
Gia Lai
Hà Giang
Hà Nam
Hà Nội
Hà Tĩnh
Hòa Bình
Hưng Yên
Hải Dương
Hải Phòng
Hậu Giang
K236/5 Phan Châu Trinh, Phường Nam Dương, Quận Hải Châu, Đà Nẵng
K478 H16/6 Lê Duẩn, Phường Chính Gián, Quận Thanh Khê, Đà Nẵng
KV Thới Thuận, Phường Phước Thới, Quận Ô Môn, Cần Thơ
Khu 1, Xã Hy Cương, Thành phố Việt Trì, Phú Thọ
Khu 1, Đường Bạch Đằng, Phường Vân Cơ, Thành phố Việt Trì, Phú Thọ
Khu 2, Phường Thanh Sơn, Thành phố Uông Bí, Quảng Ninh
Khu 2B, Xã Tân Phú, Huyện Tân Sơn, Phú Thọ
Khu 3, Thị trấn Sìn Hồ, Huyện Sìn Hồ, Lai Châu
Khu Vinh Quang, Thị trấn Kinh Môn, Huyện Kinh Môn, Hải Dương
Khu dân cư ấp Vĩnh Thạnh B, Xã Vĩnh Hòa, Thị xã Tân Châu, An Giang
Khu phố 3, Phường Phú Thạnh, TP Tuy Hoà, Phú Yên
Khu phố 5, Phường Đông Lễ, Thành phố Đông Hà, Quảng Trị
Khu phố 6, Thị trấn Thác Bà, Huyện Yên Bình, Yên Bái
Khu vực Long Thạnh 2, Phường Thốt Nốt, Quận Thốt Nốt, Cần Thơ
Khu vực Thới Hòa 1, Phường Thới Long, Quận Ô Môn, Cần Thơ
Khánh Hòa
Khóm Trung Chín, Thị trấn Lao Bảo, Huyện Hướng Hoá, Quảng Trị
Khối 2, Thị trấn Tân Kỳ, Huyện Tân Kỳ, Nghệ An
Khối 8, Thị trấn Kim Sơn, Huyện Quế Phong, Nghệ An
Ki ốt số 6 Nhà máy Sứ, Phường Phạm Ngũ Lão, Thành phố Hải Dương, Hải Dương
Kiên Giang
Km 1, Quốc lộ 3, Xã Yên Viên, Huyện Gia Lâm, Hà Nội
Kon Tum
Lai Châu
Long An
Lào Cai
Lâm Đồng
Lô 12 G1.2 Khu tái định cư Hòa Minh 3 đường Hòa Minh 16, Phường Hoà Minh, Quận Liên Chiểu, Đà Nẵng
Lô 2, tổ 3 đường 23/10, Vĩnh Điềm Trung, Xã Vĩnh Hiệp, Thành phố Nha Trang, Khánh Hòa
Lô 24A, đường Liên Cơ, Phường Cầu Diễn, Quận Nam Từ Liêm, Hà Nội
Lô 29 Khu dân cư An Lộc Viên, Phường An Hải Bắc, Quận Sơn Trà, Đà Nẵng
Lô 48.16 khu An Phú 2, Phường Tân Bình, Thành phố Hải Dương, Hải Dương
Lô 60,61 đường Hoàng Kế Viêm, Phường Mỹ An, Quận Ngũ Hành Sơn, Đà Nẵng
Lô A12-1 KCN Hà Nội Đài Tư, Phường Sài Đồng, Quận Long Biên, Hà Nội
Lô A2, đường số 5, KCN Long Hậu-Hòa Bình, Xã Nhị Thành, Huyện Thủ Thừa, Long An
Lô A4.2, A4.8, KCN Chơn Thành, ấp 2, Xã Thành Tâm, Huyện Chơn Thành, Bình Phước
Lô B10/21, khu đô thị mới Cầu Giấy, Phường Dịch Vọng Hậu, Quận Cầu Giấy, Hà Nội
Lô D3-C8 Khu phố Ninh Tịnh 2, Phường 9, TP Tuy Hoà, Phú Yên
Lô G11, Khu công nghiệp Quế Võ, Xã Phương Liễu, Huyện Quế Võ, Bắc Ninh
Lô G23, Khu Công nghệ cao Thành Phố Hồ Chí Minh, Đường Lã Xu, Phường Tăng Nhơn Phú A, Quận 9, TP Hồ Chí Minh
Lô G8-37, 38, 39, 40 đường 3 tháng 2, Phường An Hòa, Thành phố Rạch Giá, Kiên Giang
Lô II-2A, đường số 8, nhóm công nghiệp II, khu công nghiệp T, Phường Tây Thạnh, Quận Tân phú, TP Hồ Chí Minh
Lô số 3 đường Lê Thanh Nghị, Phường Đống Đa, Thành phố Quy Nhơn, Bình Định
Lô số D2&D3, Đường số 5, Khu công nghiệp Singapore Ascendas, Xã An Tây, Thị Xã Bến Cát, Bình Dương
Lạng Sơn
Lầu 1, Số 84 B4, Khu vực 9, Phường Hưng Phú, Quận Cái Răng, Cần Thơ
Nam Định
Nghệ An
Nhà số 4, ngõ 172/46, đường âu Cơ, Phường Tứ Liên, Quận Tây Hồ, Hà Nội
Nhà tập thể Việt Đức, đường Nguyễn Huy Tự, Khối 13, Phường Trung Đô, Thành phố Vinh, Nghệ An
Ninh Bình
Ninh Thuận
P1207, KN ở cao tầng CT14A2, KĐT N.Thăng Long, Đ.Võ Chí Công, Phường Phú Thượng, Quận Tây Hồ, Hà Nội
P605, Indochina Plaza, 241 Xuân Thủy, Phường Dịch Vọng Hậu, Quận Cầu Giấy, Hà Nội
Phòng 501, Tầng 5, Tháp Hà Nội, số 49 Hai Bà Trưng, Phường Trần Hưng Đạo, Quận Hoàn Kiếm, Hà Nội
Phú Thọ
Phú Yên
Phúc Lâm, Xã Hoàng Ninh, Huyện Việt Yên, Bắc Giang
Phố Ngô Quyền, Thị trấn Quảng Hà, Huyện Hải Hà, Quảng Ninh
QL 1A, khu vực Cẩm Văn, Phường Nhơn Hưng, Thị Xã An Nhơn, Bình Định
Quảng Bình
Quảng Nam
Quảng Ngãi
Quảng Ninh
Quảng Trị
Quốc lộ 1A, Phú Nam Đông, Xã Tam Xuân II, Huyện Núi Thành, Quảng Nam
Quốc lộ 1A, Xã Tân Phú Thạnh, Huyện Châu Thành A, Hậu Giang
Quốc lộ 1A, khu 9, ấp Cẩm Tân, Xã Xuân Tân, Thị xã Long khánh, Đồng Nai
Quốc lộ 1A, đường Lý Thường Kiệt, khóm 5, Phường 6, Thành phố Cà Mau, Cà Mau
S10-1 đường Nguyễn Văn Linh, khu phố Hưng Vượng 3, Phú Mỹ Hư, Phường Tân Phong, Quận 7, TP Hồ Chí Minh
Sóc Trăng
Sơn La
Số 007, tổ 07, ấp Đông Thành, Xã Đông Thái, Huyện An Biên, Kiên Giang
Số 032, tổ 3, ấp Tân Hòa, Xã Tân Long, Huyện Mang Thít, Vĩnh Long
Số 06, 23, 24/F6, KP 1, Phường Long Bình Tân, Thành phố Biên Hoà, Đồng Nai
Số 1 Hoàng Đạo Thúy, Phường Nhân Chính, Quận Thanh Xuân, Hà Nội
Số 1, Khu An Đào B, Thị trấn Trâu Quỳ, Huyện Gia Lâm, Hà Nội
Số 1, hẻm 73/26B/3 đường Nguyễn Trãi, Phường Khương Đình, Quận Thanh Xuân, Hà Nội
Số 1, ngõ 10A, Nguyễn Thị Định, Phường Nhân Chính, Quận Thanh Xuân, Hà Nội
Số 1, tổ 1, Tân Xuân 5, Phường Xuân Đỉnh, Quận Bắc Từ Liêm, Hà Nội
Số 1/368, Khu phố Hòa Lân 1, Phường Thuận Giao, TX Thuận An, Bình Dương
Số 10 Phố Thể Giao, Phường Lê Đại Hành, Quận Hai Bà Trưng, Hà Nội
Số 107 đường Phạm Thị Đào, Phường Ghềnh Ráng, Thành phố Quy Nhơn, Bình Định
Số 107, ấp Bà Điều, Xã Lý Văn Lâm, Thành phố Cà Mau, Cà Mau
Số 10AK26, ngõ 71 Nguyễn An Ninh, Phường Tương Mai, Quận Hoàng Mai, Hà Nội
Số 11 Võ Thị Yến, Phường Bình Định, Thị Xã An Nhơn, Bình Định
Số 11, dẫy F9, tập thể Tổng cục 2, Phường Xuân Tảo, Quận Bắc Từ Liêm, Hà Nội
Số 115, Đường Xuân Diệu, Phường Nguyễn Du, Thành phố Hà Tĩnh, Hà Tĩnh
Số 116, đường Cầu Diễn, Phường Phúc Diễn, Quận Bắc Từ Liêm, Hà Nội
Số 12, ngõ 332/7 đường hoàng Công Chất, Phường Phú Diễn, Quận Bắc Từ Liêm, Hà Nội
Số 120, ấp An Bình, Xã Bình An, Huyện Châu Thành, Kiên Giang
Số 130 Nguyễn Lương Bằng, Tổ 8, Khối 8, Phường Tân Lập, TP.Buôn Ma Thuột, Đắc Lắc
Số 132/43/18A đường Cách Mạng Tháng Tám, Phường Chánh Mỹ, Thành phố Thủ Dầu Một, Bình Dương
Số 134, phố Vĩnh Hưng, Phường Vĩnh Hưng, Quận Hoàng Mai, Hà Nội
Số 14, tổ dân phố Đông Hưng, Phường Đông Hải 2, Quận Hải An, Hải Phòng
Số 142, phố Hồ Đắc Di, Phường Quang Trung, Quận Đống đa, Hà Nội
Số 143, Đường 1A, Xã Gia Trấn, Huyện Gia Viễn, Ninh Bình
Số 145, đường Tam Thanh, Phường Tam Thanh, Thành phố Lạng Sơn, Lạng Sơn
Số 145, ấp Tân Hưng, Xã Mỹ Lâm, Huyện Hòn Đất, Kiên Giang
Số 164 ấp 6, Xã Xà Phiên, Huyện Long Mỹ, Hậu Giang
Số 167 đường Lạc Long Quân, tổ 7, Phường Nghĩa Đô, Quận Cầu Giấy, Hà Nội
Số 17, ngách 105/2/35, đường Xuân La, TDP số 6, Phường Xuân Tảo, Quận Bắc Từ Liêm, Hà Nội
Số 171/12 Tổ 30, Khu phố Đông Chiêu, PhườngTân Đông Hiệp, TX Dĩ An, Bình Dương
Số 185A Bùi Hữu Nghĩa, Phường 1, Quận Bình Thạnh, TP Hồ Chí Minh
Số 19, ngõ 68A, Đỗ Đức Dục, Phường Mễ Trì, Quận Nam Từ Liêm, Hà Nội
Số 191, phố Bạch Mai, Phường Cầu Dền, Quận Hai Bà Trưng, Hà Nội
Số 192A, ấp 1, Xã Sơn Đông, Thành phố Bến Tre, Bến Tre
Số 194, tổ 19, Phường Trung Thành, Thành phố Thái Nguyên, Thái Nguyên
Số 2, KP 2, Phường Bình Đa, Thành phố Biên Hoà, Đồng Nai
Số 204/7B, KP 3, Phường Tam Hòa, Thành phố Biên Hoà, Đồng Nai
Số 20B/1A, Khu phố Bình Đáng, Phường Bình Hòa, TX Thuận An, Bình Dương
Số 211, tầng 01, cầu thang 02, khu tập thể xây dựng, Phường Trần Nguyên Hãn, Thành phố Bắc Giang, Bắc Giang
Số 212/35, tổ 13, KP 5A, Phường Long Bình, Thành phố Biên Hoà, Đồng Nai
Số 219 Lán Bè, Phường Lam Sơn, Quận Lê Chân, Hải Phòng
Số 22, Quốc lộ 80, Khóm Phú Mỹ, Thị trấn Cái Tàu Hạ, Huyện Châu Thành, Đồng Tháp
Số 22, phố Trương Định, Phường Trương Định, Quận Hai Bà Trưng, Hà Nội
Số 222, Đường ĐT.741, Khu phố 5, Phường Long Phước, Thị xã Phước Long, Bình Phước
Số 233/9/49, Khu phố 2, Phường Phú Thọ, Thành phố Thủ Dầu Một, Bình Dương
Số 2374, Đường Hùng Vương, Khu 2, Phường Vân Cơ, Thành phố Việt Trì, Phú Thọ
Số 24, Khu 2,7 ha, TT Cty CP Cơ khí 4 & XD Thăng Long, Xã Hải Bối, Huyện Đông Anh, Hà Nội
Số 24, khu phố Bình Đường 4, Phường An Bình, TX Dĩ An, Bình Dương
Số 25, ngõ 65/28 Nguyễn Đổng Chi, Phường Cầu Diễn, Quận Nam Từ Liêm, Hà Nội
Số 25-A20, đường số 5, khu dân cư Hiệp Thành 3, Phường Hiệp Thành, Thành phố Thủ Dầu Một, Bình Dương
Số 251, đường Nguyễn Du, phường Nguyễn Du, Phường Nguyễn Du, Thành phố Hà Tĩnh, Hà Tĩnh
Số 251, ấp Thanh Sơn, Xã Thanh Đức, Huyện Long Hồ, Vĩnh Long
Số 253 đường Lâm Quang Ky, Phường Vĩnh Lạc, Thành phố Rạch Giá, Kiên Giang
Số 26 nghách 15 ngõ 477, Phường Kim Mã, Quận Ba Đình, Hà Nội
Số 261 Thiên Lôi, Phường Vĩnh Niệm, Quận Lê Chân, Hải Phòng
Số 261/2A đường Trần Phú, Phường Lộc Sơn, Thành phố Bảo Lộc, Lâm Đồng
Số 269 Phủ Thượng Đoạn, Phường Đông Hải 1, Quận Hải An, Hải Phòng
Số 275 đường Hà Huy Tập, Phường Tân Lợi, TP.Buôn Ma Thuột, Đắc Lắc
Số 28, ngõ 102, phố Hoàng Như Tiếp, Phường Bồ Đề, Quận Long Biên, Hà Nội
Số 28/2A Đường 45, Khu phố 2, Phường Hiệp Bình Chánh, Quận Thủ Đức, TP Hồ Chí Minh
Số 297, đường Vĩnh Hưng, Phường Vĩnh Hưng, Quận Hoàng Mai, Hà Nội
Số 3 Đường Số 2, Khu phố 3, Phường An Lạc, Quận Bình Tân, TP Hồ Chí Minh
Số 3, Tổ 56, Phường Yên Hoà, Quận Cầu Giấy, Hà Nội
Số 3, ngách 31/28, phố Xuân Diệu, Phường Quảng An, Quận Tây Hồ, Hà Nội
Số 3/61 Đình Đông, Phường Đông Hải, Quận Lê Chân, Hải Phòng
Số 305/33/29, đường Lê Hồng Phong, khu phố 8, Phường Phú Hòa, Thành phố Thủ Dầu Một, Bình Dương
Số 31 đường Y Plô êban, Phường Tự An, TP.Buôn Ma Thuột, Đắc Lắc
Số 318/38, đường Hùng Vương, ấp 3, Xã Hiệp Phước, Huyện Nhơn Trạch, Đồng Nai
Số 319A đường Thống Nhất Mới, Phường Nguyễn An Ninh, Thành Phố Vũng Tàu, Bà Rịa, Vũng Tàu
Số 32 Hàng Bạc, Phường Hàng Bạc, Quận Hoàn Kiếm, Hà Nội
Số 32, Phố Nguyễn Công Hoan, Phường Ngọc Khánh, Quận Ba Đình, Hà Nội
Số 32, ngõ 11 Đội Cung, Phường Lê Đại Hành, Quận Hai Bà Trưng, Hà Nội
Số 32, ngõ 301 Trường Chinh, Phường Khương Mai, Quận Thanh Xuân, Hà Nội
Số 33 đường Nguyễn Đăng Đạo, Phường Suối Hoa, Thành phố Bắc Ninh, Bắc Ninh
Số 341, Phường Cẩm Thành, Thành phố Cẩm Phả, Quảng Ninh
Số 35, ngõ 19, đường Kim Đồng, Phường Giáp Bát, Quận Hoàng Mai, Hà Nội
Số 37/239 Đà Nẵng, Phường Cầu Tre, Quận Ngô Quyền, Hải Phòng
Số 38 Trường Chinh, Phường Bà Triệu, Thành phố Nam Định, Nam Định
Số 38 trục số 1 đường Trần Thái Tông, Phường Dịch Vọng Hậu, Quận Cầu Giấy, Hà Nội
Số 3B, ngõ Tràng An, phố Triệu Việt Vương, Phường Bùi Thị Xuân, Quận Hai Bà Trưng, Hà Nội
Số 4 Phan Thúc Duyện, Phường 4, Quận Tân Bình, TP Hồ Chí Minh
Số 4 Q18, ngõ 134, phố Nguyễn An Ninh, Phường Tương Mai, Quận Hoàng Mai, Hà Nội
Số 4, tổ 36A, Phường Xuân Khanh, Thị Xã Sơn Tây, Hà Nội
Số 4/74 K3ô1 đường Võ Hồng Cúc, Thị trấn Thủ Thừa, Huyện Thủ Thừa, Long An
Số 4/9a Đường Y Học viện nông nghiệp Việt Nam, Thị trấn Trâu Quỳ, Huyện Gia Lâm, Hà Nội
Số 40 Chu Văn An, Phường Nghĩa Lộ, Thành phố Quảng Ngãi, Quảng Ngãi
Số 40, Đường 30 tháng 4, Phường Phú Hòa, Thành phố Thủ Dầu Một, Bình Dương
Số 408, Đường Duy Tân, Phường Duy Tân, Thành phố Kon Tum, Kon Tum
Số 426, ấp 4, Thị trấn Nàng Mau, Huyện Vị Thủy, Hậu Giang
Số 43 đường Đặng Như Mai, xóm Mẫu Lâm, Xã Hưng Lộc, Thành phố Vinh, Nghệ An
Số 44 Đỗ Huy Rừa, Phường Trần Quang Khải, Thành phố Nam Định, Nam Định
Số 44, Lê Văn Hiến, Phường Đức Thắng, Quận Bắc Từ Liêm, Hà Nội
Số 44D, đường Nguyễn Văn Tiên, KP 9, Phường Tân Phong, Thành phố Biên Hoà, Đồng Nai
Số 45 phố Nguyễn Sơn, Phường Ngọc Lâm, Quận Long Biên, Hà Nội
Số 45, ngách 34A/5 Trần Phú, Phường Điện Biên, Quận Ba Đình, Hà Nội
Số 45/6B Bùi Quang Là, Phường 12, Quận Gò Vấp, TP Hồ Chí Minh
Số 46 Phan Bội Châu, Phường Cửa Nam, Quận Hoàn Kiếm, Hà Nội
Số 47, ngách 5, ngõ 9, tổ 2, Văn Nội, Phường Phú Lương, Quận Hà Đông, Hà Nội
Số 47, ấp Thuận Tiến, Xã Bình Giang, Huyện Hòn Đất, Kiên Giang
Số 474, tổ 16, ấp Bời Lời A, Xã Vĩnh Bình Nam, Huyện Vĩnh Thuận, Kiên Giang
Số 48 Võ Trường Toản, Phường Bình Khánh, Thành phố Long Xuyên , An Giang
Số 491/5 Trần Hưng Đạo, Phường 3, Thành phố Sóc Trăng, Sóc Trăng
Số 4B Kim Đồng, Phường Giáp Bát, Quận Hoàng Mai, Hà Nội
Số 5, ngõ 282, đường Nguyễn Huy Tưởng, Phường Thanh Xuân Trung, Quận Thanh Xuân, Hà Nội
Số 50, ngõ 91, phố Hoa Lâm, Phường Việt Hưng, Quận Long Biên, Hà Nội
Số 50, đường Nguyễn Thiếp, Thị trấn Nghèn, Huyện Can Lộc, Hà Tĩnh
Số 53/4 đường Chu Văn An, Phường Tân An, TP.Buôn Ma Thuột, Đắc Lắc
Số 54/16 đường Mậu Thân, khóm 3, Phường 3, Thành phố Vĩnh Long, Vĩnh Long
Số 55/12 Chính Kinh, Phường Nhân Chính, Quận Thanh Xuân, Hà Nội
Số 56 ấp Tư Sáng, Xã Tân Tiến, Tp Vị Thanh, Hậu Giang
Số 57 Lê Duẩn, Khóm Đông Thịnh 9, Phường Mỹ Phước, Thành phố Long Xuyên , An Giang
Số 57, đường Thành Thái, ấp Tân Cang, Xã Phước Tân, Thành phố Biên Hoà, Đồng Nai
Số 59, phố Mã Mây, Phường Hàng Buồm, Quận Hoàn Kiếm, Hà Nội
Số 59/32/108, ngõ 351, đường Lĩnh Nam, Phường Vĩnh Hưng, Quận Hoàng Mai, Hà Nội
Số 595, đường Ngô Gia Tự, Phường Đức Giang, Quận Long Biên, Hà Nội
Số 6 phố Ngọc Hà, Phường Đội Cấn, Quận Ba Đình, Hà Nội
Số 64 Trần Hưng Đạo, Phường Mỹ Bình, Thành phố Long Xuyên , An Giang
Số 64 Đường số 5, Phường 9, Quận Gò Vấp, TP Hồ Chí Minh
Số 64, ngõ 79 đường Cầu Giấy, Phường Yên Hoà, Quận Cầu Giấy, Hà Nội
Số 64, Đường Nguyễn Quý Đức (Cũ Đường Số 1), Khu Phố 5, Phường An Phú, Quận 2, TP Hồ Chí Minh
Số 68/1/13, tổ 13, khu phố Đồng An 3, Phường Bình Hòa, TX Thuận An, Bình Dương
Số 6A, tổ 6A, KP 5, Thị trấn Trảng Bom, Huyện Trảng Bom, Đồng Nai
Số 6A/8/437 Đà Nẵng, Phường Đông Hải 1, Quận Hải An, Hải Phòng
Số 7 đường 28A, khu phố chợ An Dương Vương, Phường 10, Quận 6, TP Hồ Chí Minh
Số 7, ngõ 93, phố Hoàng Văn Thái, Phường Khương Trung, Quận Thanh Xuân, Hà Nội
Số 79 Phạm Tung, Khu phố 1, Phường 3, Thành phố Tây Ninh, Tây Ninh
Số 7b, ngõ 275 phố Quan Nhân, Phường Nhân Chính, Quận Thanh Xuân, Hà Nội
Số 8 VSIP II-A, đường số 29, Khu công nghiệp Việt Nam, Sing, Xã Vĩnh Tân, Thị xã Tân Uyên, Bình Dương
Số 8 Đường Số 6, Phường Tam Phú, Quận Thủ Đức, TP Hồ Chí Minh
Số 8, ngõ 2, đường Ngọc Hồi, tổ 18 Linh Đàm, Phường Hoàng Liệt, Quận Hoàng Mai, Hà Nội
Số 8, ngõ 50, đường Chu Văn An, Phường Lê Lợi, Thành phố Vinh, Nghệ An
Số 8, phố Lê Thái Tổ, Phường Hàng Trống, Quận Hoàn Kiếm, Hà Nội
Số 80, Phố Kim Đa, Phường Ninh Khánh, Thành phố Ninh Bình, Ninh Bình
Số 81, ngõ 25 Vũ Ngọc Phan, Phường Láng Hạ, Quận Đống đa, Hà Nội
Số 82, ấp Phương Quế C, Xã Phương Bình, Huyện Phụng Hiệp, Hậu Giang
Số 84/32, Tổ 32, Khu phố 8, Phường Tương Bình Hiệp, Thành phố Thủ Dầu Một, Bình Dương
Số 89 Đại học Dân Lập, Phường Dư Hàng Kênh, Quận Lê Chân, Hải Phòng
Số 89A Đường Thạnh Mỹ Lợi, Phường Thạnh Mỹ Lợi, Quận 2, TP Hồ Chí Minh
Số 9, hẻm 81/23, ngõ Hòa Bình 7, phố Minh Khai, Phường Minh Khai, Quận Hai Bà Trưng, Hà Nội
Số 9, ngõ 109 phố Quan Nhân, Phường Nhân Chính, Quận Thanh Xuân, Hà Nội
Số 9/73 tổ Quy Tức 3, Phường Phù Liễn, Quận Kiến An, Hải Phòng
Số 90, đường số 10, Phường Dĩ An, TX Dĩ An, Bình Dương
Số 903A Nguyễn Văn Linh, Phường Nghĩa Xá, Quận Lê Chân, Hải Phòng
Số 907, đường Trần Hưng Đạo, Phường VII, Tp Vị Thanh, Hậu Giang
Số 91 đường Hải Triều, Phường Quán Toan, Quận Hồng Bàng, Hải Phòng
Số 96, đường Nguyễn Trãi, Phường Thanh Xuân Bắc, Quận Thanh Xuân, Hà Nội
Số 98 Nguyễn Trãi, Phường 5, TP Tuy Hoà, Phú Yên
Số 999, Nguyễn Đức Thuận, Thị trấn Trâu Quỳ, Huyện Gia Lâm, Hà Nội
Số D7/5C Quốc Lộ 1A, Khu phố 4, Thị Trấn Tân Túc, Huyện Bình Chánh, TP Hồ Chí Minh
Số G28B + G30A khu nhà ở Anh Dũng 2, khu Phú Hải, Phường Anh Dũng, Quận Dương Kinh, Hải Phòng
Số nhà 08, Đường Phạm Hồng Thái, Tổ dân phố 7, Thị trấn Plei Cần, Huyện Ngọc Hồi, Kon Tum
Số nhà 101, ngách 97/31 phố Đức Giang, Phường Đức Giang, Quận Long Biên, Hà Nội
Số nhà 1259 đường Hùng Vương, tổ dân phố Tân Hà 3, Phường Thống Nhất, Thị xã Buôn Hồ, Đắc Lắc
Số nhà 21, ngõ 333,phố Vọng, Phường Đồng Tâm, Quận Hai Bà Trưng, Hà Nội
Số nhà 21/670/29 Đường Đình Xuyên, Xã Đình Xuyên, Huyện Gia Lâm, Hà Nội
Số nhà 215, Tổ 6, ấp 9, Xã Minh Hưng, Huyện Chơn Thành, Bình Phước
Số nhà 220, Đường Hùng Vương, Phường Tích Sơn, Thành phố Vĩnh Yên, Vĩnh Phúc
Số nhà 25 đường II, phố Chợ, Xã Phù Lỗ, Huyện Sóc Sơn, Hà Nội
Số nhà 252, đường Nhạc Sơn, Phường Kim Tân, Thành phố Lào Cai, Lào Cai
Số nhà 263A, Đường Phạm Văn Đồng, Phường Lê Lợi, Thành phố Kon Tum, Kon Tum
Số nhà 28 ngách 1A/1 phố Phú Kiều, Phường Phúc Diễn, Quận Bắc Từ Liêm, Hà Nội
Số nhà 30A, Ngõ Hàm Long 2, Phường Phan Chu Trinh, Quận Hoàn Kiếm, Hà Nội
Số nhà 32, tổ 5, khu Hòn 1, Phường Cẩm Bình, Thành phố Cẩm Phả, Quảng Ninh
Số nhà 45, Khu B Tập thể Công ty cơ khí điện, tổ 3, Phường La Khê, Quận Hà Đông, Hà Nội
Số nhà 6, Phố Phúc Trọng, Phường Phúc Thành, Thành phố Ninh Bình, Ninh Bình
Số nhà 72, ngõ 190 đường Hạ Đình, Phường Thanh Xuân Trung, Quận Thanh Xuân, Hà Nội
Số nhà 7B Trần Phú, Phường Điện Biên, Quận Ba Đình, Hà Nội
Số nhà 97, Tổ 23, Thị trấn Chùa Hang, Huyện Đồng Hỷ, Thái Nguyên
Số nhà 99, Phố Lý Tự Trọng, Tổ 15, Phường Quyết Thắng, TP. Sơn La, Sơn La
Số nhà 99, đường Ngô Quyền, Phường Quảng Yên, Thị xã Quảng Yên, Quảng Ninh
Số nhà BT10-04 khu đô thị mới An Hưng, Phường Dương Nội, Quận Hà Đông, Hà Nội
Số nhà G12, cụm 3, ngõ 28, đường Xuân La, Phường Xuân La, Quận Tây Hồ, Hà Nội
T2-4, đường D1, Khu Công Nghệ Cao, Phường Tân Phú, Quận 9, TP Hồ Chí Minh
TK 21/14 Nguyễn Cảnh Chân, Phường Cầu Kho, Quận 1, TP Hồ Chí Minh
TP HCM
Thanh Hóa
Thái Bình
Thái Nguyên
Thôn 10, Xã Quế Phú, Huyện Quế Sơn, Quảng Nam
Thôn 16 (tại nhà ông Hoàng Văn Chiến), Xã Hoà Bình, Huyện Thuỷ Nguyên, Hải Phòng
Thôn 9, Xã Sóc Đăng, Huyện Đoan Hùng, Phú Thọ
Thôn Cổ Điển B, Xã Tứ Hiệp, Huyện Thanh Trì, Hà Nội
Thôn Dinh Tần, Xã Yên Bằng, Huyện ý Yên, Nam Định
Thôn Diêm Tiêu, Thị trấn Phù Mỹ, Huyện Phù Mỹ, Bình Định
Thôn Dậu 2, Xã Di Trạch, Huyện Hoài Đức, Hà Nội
Thôn Gia Lâm, Xã Ia Krêl, Huyện Đức Cơ, Gia Lai
Thôn Hùng Lãm II, Xã Hồng Thái, Huyện Việt Yên, Bắc Giang
Thôn Hạ Thái, Xã Duyên Thái, Huyện Thường Tín, Hà Nội
Thôn Kim Châu, Xã Dray Bhăng, Huyện Cư Kuin, Đắc Lắc
Thôn Liễu, Xã Văn Hoàng, Huyện Phú Xuyên, Hà Nội
Thôn Luông A, Xã Phước Kim, Huyện Phước Sơn, Quảng Nam
Thôn Minh Quyết, Phường Khai Quang, Thành phố Vĩnh Yên, Vĩnh Phúc
Thôn Minh Tiến, Xã Châu Hạnh, Huyện Quỳ Châu, Nghệ An
Thôn Mỹ Hạt, Thị trấn Nam Phước, Huyện Duy Xuyên, Quảng Nam
Thôn Na Hoa, Xã Hồ Sơn, Huyện Hữu Lũng, Lạng Sơn
Thôn Ngọc Sơn, Xã Hòa Quang Bắc, Huyện Phú Hoà, Phú Yên
Thôn Phan Bôi, Xã Dị Sử, Huyện Mỹ Hào, Hưng Yên
Thôn Phú Gia, Xã Lộc Tiến, Huyện Phú Lộc, Thừa Thiên, Huế
Thôn Phú Mỹ, Xã Tự Lập, Huyện Mê Linh, Hà Nội
Thôn Phúc Thọ, Xã Nghĩa Trụ, Huyện Văn Giang, Hưng Yên
Thôn Suối Tứ, Xã Thắng Hải, Huyện Hàm Tân, Bình Thuận
Thôn Thanh Sơn, Xã Phú Nhuận, Huyện Như Thanh, Thanh Hoá
Thôn Thượng Lạp, Xã Tân Tiến, Huyện Vĩnh Tường, Vĩnh Phúc
Thôn Thắng Lợi, Xã Kỳ Ninh, Thị xã Kỳ Anh, Hà Tĩnh
Thôn Trung Trinh, Xã Xuân Phương, Thị xã Sông Cầu, Phú Yên
Thôn Trầm Xuyên, Xã Hưng Long, Huyện Mỹ Hào, Hưng Yên
Thôn Tân Hy, Xã Bình Đông, Huyện Bình Sơn, Quảng Ngãi
Thôn Tân Long, Xã Bù Nho, Huyện Phú Riềng, Bình Phước
Thôn Tống Xá, Xã Yên Xá, Huyện ý Yên, Nam Định
Thôn Tứ Mỹ, Xã Phùng Chí Kiên, Huyện Mỹ Hào, Hưng Yên
Thôn Việt Long, Xã Tản Lĩnh, Huyện Ba Vì, Hà Nội
Thôn Đà Phố, Xã Hồng Phúc, Huyện Ninh Giang, Hải Dương
Thôn Đông Cận, Xã Tân Tiến, Huyện Gia Lộc, Hải Dương
Thôn Định Bình, Xã Hoài Đức, Huyện Hoài Nhơn, Bình Định
Thôn Đồng Khê, Xã Lương Điền, Huyện Cẩm Giàng, Hải Dương
Thừa Thiên Huế
Thửa đất 13-14 khu dân cư Thứ Ba, khu phố 2, Thị trấn Thứ Ba, Huyện An Biên, Kiên Giang
Thửa đất số 1015, tờ bản đồ số 23, khu phố Bình Thuận 2, Phường Thuận Giao, TX Thuận An, Bình Dương
Thửa đất số 274, Tờ bản đồ số 11, Khu phố Bà Tri, PhườngTân Hiệp, Thị xã Tân Uyên, Bình Dương
Tiền Giang
Trà Vinh
Tuyên Quang
Tây Ninh
Tại nhà ông Hoàng Văn Quân, tổ dân phố Hồng Sơn, Phường Kỳ Phương, Thị xã Kỳ Anh, Hà Tĩnh
Tại nhà ông Nguyễn Quốc Huy, thôn 3, Xã Hương Thọ, Huyện Vũ Quang, Hà Tĩnh
Tại nhà ông Nguyễn Đình Hồng, xóm Tân Phú, Xã Thạch Trung, Thành phố Hà Tĩnh, Hà Tĩnh
Tại nhà ông Nguyễn Đăng Trường, thôn Bình Định, Xã Thái Yên, Huyện Đức Thọ, Hà Tĩnh
Tầng 2, Số 39, Đường số 6, Khu công nghiệp Việt Nam, Singap, Phường An Phú, TX Thuận An, Bình Dương
Tầng 2, tòa nhà CT3, 81 Lê Đức Thọ, Phường Mỹ Đình 2, Quận Nam Từ Liêm, Hà Nội
Tầng 2, tòa nhà Trung Yên 1, KĐT Trung Yên, Phường Trung Hoà, Quận Cầu Giấy, Hà Nội
Tầng 3, số 561 phố Kim Mã, Phường Ngọc Khánh, Quận Ba Đình, Hà Nội
Tầng 6 Tòa nhà Hàn Việt, 203 Minh Khai, Phường Minh Khai, Quận Hai Bà Trưng, Hà Nội
Tầng Lửng, Tòa nhà An Phú Plaza, 117-119 Lý Chính Thắng, Phường 07, Quận 3, TP Hồ Chí Minh
Tầng trệt, số 013 chung cư F2 Nguyễn Thiện Thuật, Phường 01, Quận 3, TP Hồ Chí Minh
Tổ 1, Phường Nghĩa Trung, Thị xã Gia Nghĩa, Đắk Nông
Tổ 1, khu Hai Giếng 1, Phường Cẩm Thủy, Thành phố Cẩm Phả, Quảng Ninh
Tổ 1, ấp Cầu 2, Xã Đồng Tiến, Huyện Đồng Phú, Bình Phước
Tổ 12 ấp Long Bình, Xã Long An, Huyện Châu Thành, Tiền Giang
Tổ 16, Thị trấn Chùa Hang, Huyện Đồng Hỷ, Thái Nguyên
Tổ 19D, Khu 11, Phường Gia Cẩm, Thành phố Việt Trì, Phú Thọ
Tổ 20, Quốc lộ 1A, khóm Đông Thuận, Phường Đông Thuận, Thị xã Bình Minh, Vĩnh Long
Tổ 3, ấp Cầu, Xã Tân Phong, Huyện Tân Biên, Tây Ninh
Tổ 47, đường Mai Đăng Chơn, Phường Hoà Hải, Quận Ngũ Hành Sơn, Đà Nẵng
Tổ 5, ấp Giồng Tre, Xã Bình Minh, Thành phố Tây Ninh, Tây Ninh
Tổ 52, Khu phố Bàu Ké, Thị trấn Tân Phú, Huyện Đồng Phú, Bình Phước
Tổ 6, Hẻm Trần Kiên, Phường Trần Hưng Đạo, Thành phố Kon Tum, Kon Tum
Tổ 6, Khu phố Tân Phú, Thị trấn Phú Mỹ, Huyện Tân Thành, Bà Rịa, Vũng Tàu
Tổ 7, Khu phố Tân Phú, Thị trấn Phú Mỹ, Huyện Tân Thành, Bà Rịa, Vũng Tàu
Tổ 8, ấp Mỹ Thiện, Xã Mỹ Đức, Huyện Châu Phú, An Giang
Tổ dân phố 2A, Thị trấn Đạ Tẻh, Huyện Đạ Tẻh, Lâm Đồng
Tổ dân phố 3, Phường Sông Trí, Thị xã Kỳ Anh, Hà Tĩnh
Tổ dân phố 5, Thị trấn Kiến Đức, Huyện Đắk R'Lấp, Đắk Nông
Tổ dân phố Quang Minh, Phường Dương Nội, Quận Hà Đông, Hà Nội
Tổ dân phố Tân Hợp (nhà ông Đoàn Văn Kỳ), Phường Tân Thành, Quận Dương Kinh, Hải Phòng
Vĩnh Long
Vĩnh Phúc
Xã Tràng Các, Huyện Văn Quan, Lạng Sơn
Xóm 1, Tiên Hương, Xã Kim Thái, Huyện Vụ Bản, Nam Định
Xóm 13, Xã Mỹ Thành, Huyện Yên Thành, Nghệ An
Xóm 14, Xã Nghi Phú, Thành phố Vinh, Nghệ An
Xóm 3, Thôn Công Đình, Xã Đình Xuyên, Huyện Gia Lâm, Hà Nội
Xóm 3, Xã Văn Sơn, Huyện Đô Lương, Nghệ An
Xóm 4, Xã Xuân Châu, Huyện Xuân Trường, Nam Định
Xóm 5, thôn Kim Hoàng, xã Vân Canh, Xã Vân Canh, Huyện Hoài Đức, Hà Nội
Xóm 7, Xã Diễn Đồng, Huyện Diễn Châu, Nghệ An
Xóm Bờ Dầu, thôn Thanh Dã, Xã Tam Dị, Huyện Lục Nam, Bắc Giang
Xóm Chiều Lai 2, Xã Thuận Thành, Thị xã Phổ Yên, Thái Nguyên
Xóm Lê Sáng (tại nhà ông Nguyễn Hữu Hưng), Xã An Hồng, Huyện An Dương, Hải Phòng
Xóm Nương, Tiên Lãng, Xã Tiên Lãng, Huyện Tiên Yên, Quảng Ninh
Yên Bái
lô E, đường số 4, KCN Đồng An, , TX Thuận An, Bình Dương
thôn Giao Tác, Xã Liên Hà, Huyện Đông Anh, Hà Nội
thôn Phú Hưng, Xã Phú Riềng, Huyện Phú Riềng, Bình Phước
thôn Văn Phú, Xã Hoàng Văn Thụ, Huyện Chương Mỹ, Hà Nội
xóm Đường, Xã Đại Yên, Huyện Chương Mỹ, Hà Nội
ô 55, lô P6A Lê Lai, Phường Phú Tân, Thành phố Thủ Dầu Một, Bình Dương
ô số 2, tầng 1, Tòa nhà HL Tower, Lô A2B, đường Duy Tân, Phường Dịch Vọng Hậu, Quận Cầu Giấy, Hà Nội
Điện Biên
Đà Nẵng
Đường 179, thôn Hạ, Xã Cửu Cao, Huyện Văn Giang, Hưng Yên
Đường Trung Lộc, xóm 21, Xã Nghi Phú, Thành phố Vinh, Nghệ An
Đường Võ Thị Sáu, Khu phố 3, Phường Phú Đông, TP Tuy Hoà, Phú Yên
Đường số 10 khu công nghiệp Phú Mỹ, Thị trấn Phú Mỹ, Huyện Tân Thành, Bà Rịa, Vũng Tàu
Đường tỉnh 930, khu vực 5, Phường Thuận An, Thị Xã Long Mỹ, Hậu Giang
Đại Đồng, Thị trấn Đại Nghĩa, Huyện Mỹ Đức, Hà Nội
Đắk Lắk
Đắk Nông
Đồng Nai
Đồng Tháp
Đội 1, thôn Từ vân, Xã Lê Lợi, Huyện Thường Tín, Hà Nội
Đội 5 (tại nhà ông Nguyễn Tri Châu), Xã Tân Dương, Huyện Thuỷ Nguyên, Hải Phòng
Đội 7, Xã Vân Côn, Huyện Hoài Đức, Hà Nội
Ấn độ
ấp 1, Xã Nhựt Chánh, Huyện Bến Lức, Long An
ấp 2, Xã Long Cang, Huyện Cần Đước, Long An
ấp 5, Xã Vĩnh Viễn, Huyện Long Mỹ, Hậu Giang
ấp An Bình, Xã An Thạnh Trung, Huyện Chợ Mới, An Giang
ấp An Lợi, Xã Châu Lăng, Huyện Tri Tôn, An Giang
ấp Bình Tiền 2, Xã Đức Hòa Hạ, Huyện Đức Hoà, Long An
ấp Kinh Hòn, Xã Khánh Bình Tây, Huyện Trần Văn Thời, Cà Mau
ấp Mỹ Hòa, Thị trấn Cây Dương, Huyện Phụng Hiệp, Hậu Giang
﻿(Tại nhà ông Nguyễn Tiến Hùng), Tổ dân phố Quyền Thượng, Phường Kỳ Trinh, Thị xã Kỳ Anh, Hà Tĩnh
